Archive member included because of file (symbol)

libbb/lib.a(appletlib.o)      /opt/buildroot-gcc342/bin/../lib/gcc/mipsel-linux-uclibc/3.4.2/../../../../mipsel-linux-uclibc/lib/crt1.o (main)
libbb/lib.a(bb_basename.o)    libbb/lib.a(appletlib.o) (bb_basename)
libbb/lib.a(default_error_retval.o)
                              libbb/lib.a(appletlib.o) (xfunc_error_retval)
libbb/lib.a(error_msg_and_die.o)
                              libbb/lib.a(appletlib.o) (bb_error_msg_and_die)
libbb/lib.a(full_write.o)     libbb/lib.a(appletlib.o) (full_write)
libbb/lib.a(get_last_path_component.o)
                              libbb/lib.a(appletlib.o) (bb_get_last_path_component_nostrip)
libbb/lib.a(last_char_is.o)   libbb/lib.a(get_last_path_component.o) (last_char_is)
libbb/lib.a(messages.o)       libbb/lib.a(appletlib.o) (bb_banner)
libbb/lib.a(ptr_to_globals.o)
                              libbb/lib.a(appletlib.o) (bb_errno)
libbb/lib.a(safe_write.o)     libbb/lib.a(full_write.o) (safe_write)
libbb/lib.a(verror_msg.o)     libbb/lib.a(error_msg_and_die.o) (bb_verror_msg)
libbb/lib.a(xfunc_die.o)      libbb/lib.a(appletlib.o) (xfunc_die)
libbb/lib.a(xfuncs.o)         libbb/lib.a(appletlib.o) (get_terminal_width_height)
libbb/lib.a(xfuncs_printf.o)  libbb/lib.a(verror_msg.o) (xrealloc)
libbb/lib.a(copyfd.o)         libbb/lib.a(xfuncs_printf.o) (bb_copyfd_eof)
libbb/lib.a(error_msg.o)      libbb/lib.a(xfuncs_printf.o) (bb_error_msg)
libbb/lib.a(perror_msg.o)     libbb/lib.a(xfuncs_printf.o) (bb_perror_msg)
libbb/lib.a(perror_msg_and_die.o)
                              libbb/lib.a(xfuncs_printf.o) (bb_perror_msg_and_die)
libbb/lib.a(read.o)           libbb/lib.a(copyfd.o) (safe_read)
libbb/lib.a(safe_poll.o)      libbb/lib.a(read.o) (safe_poll)
loginutils/lib.a(chpasswd.o)  libbb/lib.a(appletlib.o) (chpasswd_main)
loginutils/lib.a(login.o)     libbb/lib.a(appletlib.o) (login_main)
modutils/lib.a(insmod.o)      libbb/lib.a(appletlib.o) (insmod_main)
modutils/lib.a(lsmod.o)       libbb/lib.a(appletlib.o) (lsmod_main)
modutils/lib.a(rmmod.o)       libbb/lib.a(appletlib.o) (rmmod_main)
networking/lib.a(arping.o)    libbb/lib.a(appletlib.o) (arping_main)
networking/lib.a(brctl.o)     libbb/lib.a(appletlib.o) (brctl_main)
networking/lib.a(ftpgetput.o)
                              libbb/lib.a(appletlib.o) (ftpgetput_main)
networking/lib.a(hostname.o)  libbb/lib.a(appletlib.o) (hostname_main)
networking/lib.a(ifconfig.o)  libbb/lib.a(appletlib.o) (ifconfig_main)
networking/lib.a(interface.o)
                              networking/lib.a(ifconfig.o) (display_interfaces)
networking/lib.a(ping.o)      libbb/lib.a(appletlib.o) (ping_main)
networking/lib.a(route.o)     libbb/lib.a(appletlib.o) (route_main)
networking/lib.a(telnetd.o)   libbb/lib.a(appletlib.o) (telnetd_main)
networking/lib.a(traceroute.o)
                              libbb/lib.a(appletlib.o) (traceroute_main)
networking/lib.a(vconfig.o)   libbb/lib.a(appletlib.o) (vconfig_main)
networking/lib.a(wget.o)      libbb/lib.a(appletlib.o) (wget_main)
procps/lib.a(free.o)          libbb/lib.a(appletlib.o) (free_main)
procps/lib.a(kill.o)          libbb/lib.a(appletlib.o) (kill_main)
procps/lib.a(ps.o)            libbb/lib.a(appletlib.o) (ps_main)
shell/lib.a(ash.o)            libbb/lib.a(appletlib.o) (ash_main)
shell/lib.a(ash_ptr_hack.o)   shell/lib.a(ash.o) (ash_ptr_to_globals_misc)
sysklogd/lib.a(klogd.o)       libbb/lib.a(appletlib.o) (klogd_main)
sysklogd/lib.a(logread.o)     libbb/lib.a(appletlib.o) (logread_main)
sysklogd/lib.a(syslogd_and_logger.o)
                              libbb/lib.a(appletlib.o) (syslogd_main)
util-linux/lib.a(dmesg.o)     libbb/lib.a(appletlib.o) (dmesg_main)
util-linux/lib.a(mdev.o)      libbb/lib.a(appletlib.o) (mdev_main)
util-linux/lib.a(mount.o)     libbb/lib.a(appletlib.o) (mount_main)
util-linux/lib.a(umount.o)    libbb/lib.a(appletlib.o) (umount_main)
archival/lib.a(unzip.o)       libbb/lib.a(appletlib.o) (unzip_main)
archival/libunarchive/lib.a(decompress_unzip.o)
                              archival/lib.a(unzip.o) (inflate_unzip)
archival/libunarchive/lib.a(find_list_entry.o)
                              archival/lib.a(unzip.o) (find_list_entry)
coreutils/lib.a(basename.o)   libbb/lib.a(appletlib.o) (basename_main)
coreutils/lib.a(cat.o)        libbb/lib.a(appletlib.o) (cat_main)
coreutils/lib.a(chmod.o)      libbb/lib.a(appletlib.o) (chmod_main)
coreutils/lib.a(cp.o)         libbb/lib.a(appletlib.o) (cp_main)
coreutils/lib.a(date.o)       libbb/lib.a(appletlib.o) (date_main)
coreutils/lib.a(echo.o)       libbb/lib.a(appletlib.o) (echo_main)
coreutils/lib.a(expr.o)       libbb/lib.a(appletlib.o) (expr_main)
coreutils/lib.a(ln.o)         libbb/lib.a(appletlib.o) (ln_main)
coreutils/lib.a(ls.o)         libbb/lib.a(appletlib.o) (ls_main)
coreutils/lib.a(mkdir.o)      libbb/lib.a(appletlib.o) (mkdir_main)
coreutils/lib.a(mknod.o)      libbb/lib.a(appletlib.o) (mknod_main)
[...]
Memory Configuration

Name             Origin             Length             Attributes
*default*        0x0000000000000000 0xffffffffffffffff

Linker script and memory map

LOAD /opt/buildroot-gcc342/bin/../lib/gcc/mipsel-linux-uclibc/3.4.2/../../../../mipsel-linux-uclibc/lib/crt1.o
LOAD /opt/buildroot-gcc342/bin/../lib/gcc/mipsel-linux-uclibc/3.4.2/../../../../mipsel-linux-uclibc/lib/crti.o
LOAD /opt/buildroot-gcc342/bin/../lib/gcc/mipsel-linux-uclibc/3.4.2/crtbegin.o
START GROUP
LOAD applets/built-in.o
LOAD archival/lib.a
LOAD archival/libunarchive/lib.a
LOAD console-tools/lib.a
LOAD coreutils/lib.a
LOAD coreutils/libcoreutils/lib.a
LOAD debianutils/lib.a
LOAD e2fsprogs/lib.a
LOAD editors/lib.a
LOAD findutils/lib.a
LOAD init/lib.a
LOAD libbb/lib.a
LOAD libpwdgrp/lib.a
LOAD loginutils/lib.a
LOAD miscutils/lib.a
LOAD modutils/lib.a
LOAD networking/lib.a
LOAD networking/libiproute/lib.a
LOAD networking/udhcp/lib.a
LOAD printutils/lib.a
LOAD procps/lib.a
LOAD runit/lib.a
LOAD selinux/lib.a
LOAD shell/lib.a
LOAD sysklogd/lib.a
LOAD util-linux/lib.a
LOAD util-linux/volume_id/lib.a
LOAD archival/built-in.o
LOAD archival/libunarchive/built-in.o
LOAD console-tools/built-in.o
LOAD coreutils/built-in.o
LOAD coreutils/libcoreutils/built-in.o
LOAD debianutils/built-in.o
LOAD e2fsprogs/built-in.o
LOAD editors/built-in.o
LOAD findutils/built-in.o
LOAD init/built-in.o
LOAD libbb/built-in.o
LOAD libpwdgrp/built-in.o
LOAD loginutils/built-in.o
LOAD miscutils/built-in.o
LOAD modutils/built-in.o
LOAD networking/built-in.o
LOAD networking/libiproute/built-in.o
LOAD networking/udhcp/built-in.o
LOAD printutils/built-in.o
LOAD procps/built-in.o
LOAD runit/built-in.o
LOAD selinux/built-in.o
LOAD shell/built-in.o
LOAD sysklogd/built-in.o
LOAD util-linux/built-in.o
LOAD util-linux/volume_id/built-in.o
END GROUP
START GROUP
LOAD /home/prokascc/Source/lib/lib/libcrypt.so
END GROUP
LOAD /opt/buildroot-gcc342/bin/../lib/gcc/mipsel-linux-uclibc/3.4.2/libgcc.a
LOAD /home/prokascc/Source/lib/lib/libc.so
LOAD /opt/buildroot-gcc342/bin/../lib/gcc/mipsel-linux-uclibc/3.4.2/libgcc.a
LOAD /opt/buildroot-gcc342/bin/../lib/gcc/mipsel-linux-uclibc/3.4.2/crtend.o
LOAD /opt/buildroot-gcc342/bin/../lib/gcc/mipsel-linux-uclibc/3.4.2/../../../../mipsel-linux-uclibc/lib/crtn.o
                0x0000000000400000                PROVIDE (__executable_start, 0x400000)
                0x00000000004000d4                . = (0x400000 + SIZEOF_HEADERS)

.interp         0x00000000004000d4       0x14
 *(SORT(.interp))
 .interp        0x00000000004000d4       0x14 /opt/buildroot-gcc342/bin/../lib/gcc/mipsel-linux-uclibc/3.4.2/../../../../mipsel-linux-uclibc/lib/crt1.o

.reginfo
 *(SORT(.reginfo))

.dynamic        0x00000000004000e8       0xe0
 *(SORT(.dynamic))
 .dynamic       0x00000000004000e8       0xe0 /opt/buildroot-gcc342/bin/../lib/gcc/mipsel-linux-uclibc/3.4.2/../../../../mipsel-linux-uclibc/lib/crt1.o
                0x00000000004000e8                _DYNAMIC

.hash           0x00000000004001c8     0x1160
 *(SORT(.hash))
 .hash          0x00000000004001c8     0x1160 /opt/buildroot-gcc342/bin/../lib/gcc/mipsel-linux-uclibc/3.4.2/../../../../mipsel-linux-uclibc/lib/crt1.o

.dynsym         0x0000000000401328     0x24d0
 *(SORT(.dynsym))
 .dynsym        0x0000000000401328     0x24d0 /opt/buildroot-gcc342/bin/../lib/gcc/mipsel-linux-uclibc/3.4.2/../../../../mipsel-linux-uclibc/lib/crt1.o

.dynstr         0x00000000004037f8     0x18bc
 *(SORT(.dynstr))
 .dynstr        0x00000000004037f8     0x18bc /opt/buildroot-gcc342/bin/../lib/gcc/mipsel-linux-uclibc/3.4.2/../../../../mipsel-linux-uclibc/lib/crt1.o

.gnu.version    0x00000000004050b4        0x0
 *(SORT(.gnu.version))

.gnu.version_d  0x00000000004050b4        0x0
 *(SORT(.gnu.version_d))

.gnu.version_r  0x00000000004050b4        0x0
 *(SORT(.gnu.version_r))

.rel.dyn        0x00000000004050b4        0x0
 *(SORT(.rel.init))
 *(SORT(.rel.text) .rel.text.* .rel.gnu.linkonce.t.*)
 *(SORT(.rel.fini))
 *(SORT(.rel.rodata) .rel.rodata.* .rel.gnu.linkonce.r.*)
 *(SORT(.rel.data.rel.ro*) .rel.gnu.linkonce.d.rel.ro.*)
 *(SORT(.rel.data) .rel.data.* .rel.gnu.linkonce.d.*)
 *(SORT(.rel.tdata) .rel.tdata.* .rel.gnu.linkonce.td.*)
 *(SORT(.rel.tbss) .rel.tbss.* .rel.gnu.linkonce.tb.*)
 *(SORT(.rel.ctors))
 *(SORT(.rel.dtors))
 *(SORT(.rel.got))
 *(SORT(.rel.sdata) .rel.sdata.* .rel.gnu.linkonce.s.*)
 *(SORT(.rel.sbss) .rel.sbss.* .rel.gnu.linkonce.sb.*)
 *(SORT(.rel.sdata2) .rel.sdata2.* .rel.gnu.linkonce.s2.*)
 *(SORT(.rel.sbss2) .rel.sbss2.* .rel.gnu.linkonce.sb2.*)
 *(SORT(.rel.bss) .rel.bss.* .rel.gnu.linkonce.b.*)

.rela.dyn
 *(SORT(.rela.init))
 *(SORT(.rela.text) .rela.text.* .rela.gnu.linkonce.t.*)
 *(SORT(.rela.fini))
 *(SORT(.rela.rodata) .rela.rodata.* .rela.gnu.linkonce.r.*)
 *(SORT(.rela.data) .rela.data.* .rela.gnu.linkonce.d.*)
 *(SORT(.rela.tdata) .rela.tdata.* .rela.gnu.linkonce.td.*)
 *(SORT(.rela.tbss) .rela.tbss.* .rela.gnu.linkonce.tb.*)
 *(SORT(.rela.ctors))
 *(SORT(.rela.dtors))
 *(SORT(.rela.got))
 *(SORT(.rela.sdata) .rela.sdata.* .rela.gnu.linkonce.s.*)
 *(SORT(.rela.sbss) .rela.sbss.* .rela.gnu.linkonce.sb.*)
 *(SORT(.rela.sdata2) .rela.sdata2.* .rela.gnu.linkonce.s2.*)
 *(SORT(.rela.sbss2) .rela.sbss2.* .rela.gnu.linkonce.sb2.*)
 *(SORT(.rela.bss) .rela.bss.* .rela.gnu.linkonce.b.*)

.rel.plt
 *(SORT(.rel.plt))

.rela.plt
 *(SORT(.rela.plt))

.init           0x00000000004050b4       0x88
 *(SORT(.init))
 .init          0x00000000004050b4       0x1c /opt/buildroot-gcc342/bin/../lib/gcc/mipsel-linux-uclibc/3.4.2/../../../../mipsel-linux-uclibc/lib/crti.o
                0x00000000004050b4                _init
 .init          0x00000000004050d0        0xc /opt/buildroot-gcc342/bin/../lib/gcc/mipsel-linux-uclibc/3.4.2/../../../../mipsel-linux-uclibc/lib/crtn.o
 .init          0x00000000004050dc       0x30 /opt/buildroot-gcc342/bin/../lib/gcc/mipsel-linux-uclibc/3.4.2/crtbegin.o
 .init          0x000000000040510c       0x30 /opt/buildroot-gcc342/bin/../lib/gcc/mipsel-linux-uclibc/3.4.2/crtend.o

.plt
 *(SORT(.plt))

.text           0x0000000000405140    0x450c8
                0x0000000000405140                _ftext = .
 *(SORT(.text) .stub .text.* .gnu.linkonce.t.*)
 .text          0x0000000000405140       0x60 /opt/buildroot-gcc342/bin/../lib/gcc/mipsel-linux-uclibc/3.4.2/../../../../mipsel-linux-uclibc/lib/crt1.o
                0x0000000000405140                __start
 .text          0x00000000004051a0      0x180 /opt/buildroot-gcc342/bin/../lib/gcc/mipsel-linux-uclibc/3.4.2/crtbegin.o
 .text          0x0000000000405320      0x650 /opt/buildroot-gcc342/bin/../lib/gcc/mipsel-linux-uclibc/3.4.2/libgcc.a(_udivdi3.o)
                0x0000000000405320                __udivdi3
 .text          0x0000000000405970       0x80 /opt/buildroot-gcc342/bin/../lib/gcc/mipsel-linux-uclibc/3.4.2/crtend.o
 .text.full_write2_str
                0x00000000004059f0       0x50 libbb/lib.a(appletlib.o)
 .text.applet_name_compare
                0x0000000000405a40       0x34 libbb/lib.a(appletlib.o)
 .text.find_applet_by_name
                0x0000000000405a74       0x64 libbb/lib.a(appletlib.o)
                0x0000000000405a74                find_applet_by_name
 .text.bb_show_usage
                0x0000000000405ad8      0x128 libbb/lib.a(appletlib.o)
                0x0000000000405ad8                bb_show_usage
 .text.lbb_prepare
                0x0000000000405c00       0x58 libbb/lib.a(appletlib.o)
                0x0000000000405c00                lbb_prepare
 .text.run_applet_no_and_exit
                0x0000000000405c58      0x1d0 libbb/lib.a(appletlib.o)
                0x0000000000405c58                run_applet_no_and_exit
 .text.run_applet_and_exit
                0x0000000000405e28      0x2b0 libbb/lib.a(appletlib.o)
                0x0000000000405e28                run_applet_and_exit
 .text.main     0x00000000004060d8       0xec libbb/lib.a(appletlib.o)
                0x00000000004060d8                main
 .text.bb_basename
                0x00000000004061c4       0x50 libbb/lib.a(bb_basename.o)
                0x00000000004061c4                bb_basename
 .text.bb_error_msg_and_die
                0x0000000000406214       0x4c libbb/lib.a(error_msg_and_die.o)
                0x0000000000406214                bb_error_msg_and_die
 .text.full_write
                0x0000000000406260       0x9c libbb/lib.a(full_write.o)
                0x0000000000406260                full_write
 .text.bb_get_last_path_component_nostrip
                0x00000000004062fc       0x6c libbb/lib.a(get_last_path_component.o)
                0x00000000004062fc                bb_get_last_path_component_nostrip
 .text.bb_get_last_path_component_strip
                0x0000000000406368       0x88 libbb/lib.a(get_last_path_component.o)
                0x0000000000406368                bb_get_last_path_component_strip
 .text.last_char_is
                0x00000000004063f0       0x78 libbb/lib.a(last_char_is.o)
                0x00000000004063f0                last_char_is
 .text.safe_write
                0x0000000000406468       0x88 libbb/lib.a(safe_write.o)
                0x0000000000406468                safe_write
 .text.bb_verror_msg
                0x00000000004064f0      0x294 libbb/lib.a(verror_msg.o)
                0x00000000004064f0                bb_verror_msg
 .text.xfunc_die
                0x0000000000406784       0x5c libbb/lib.a(xfunc_die.o)
                0x0000000000406784                xfunc_die
 .text.ndelay_on
                0x00000000004067e0       0x50 libbb/lib.a(xfuncs.o)
                0x00000000004067e0                ndelay_on
 .text.ndelay_off
                0x0000000000406830       0x54 libbb/lib.a(xfuncs.o)
                0x0000000000406830                ndelay_off
 .text.close_on_exec_on
                0x0000000000406884       0x1c libbb/lib.a(xfuncs.o)
                0x0000000000406884                close_on_exec_on
 .text.smart_ulltoa5
                0x00000000004068a0      0x34c libbb/lib.a(xfuncs.o)
                0x00000000004068a0                smart_ulltoa5
 .text.utoa_to_buf
                0x0000000000406bec       0x8c libbb/lib.a(xfuncs.o)
                0x0000000000406bec                utoa_to_buf
 .text.itoa_to_buf
                0x0000000000406c78       0x38 libbb/lib.a(xfuncs.o)
                0x0000000000406c78                itoa_to_buf
 .text.utoa     0x0000000000406cb0       0x4c libbb/lib.a(xfuncs.o)
                0x0000000000406cb0                utoa
 .text.itoa     0x0000000000406cfc       0x4c libbb/lib.a(xfuncs.o)
                0x0000000000406cfc                itoa
 .text.get_terminal_width_height
                0x0000000000406d48      0x160 libbb/lib.a(xfuncs.o)
                0x0000000000406d48                get_terminal_width_height
 .text.xmalloc  0x0000000000406ea8       0x60 libbb/lib.a(xfuncs_printf.o)
                0x0000000000406ea8                xmalloc
 .text.xrealloc
                0x0000000000406f08       0x60 libbb/lib.a(xfuncs_printf.o)
                0x0000000000406f08                xrealloc
 .text.xzalloc  0x0000000000406f68       0x68 libbb/lib.a(xfuncs_printf.o)
                0x0000000000406f68                xzalloc
 .text.xstrdup  0x0000000000406fd0       0x58 libbb/lib.a(xfuncs_printf.o)
                0x0000000000406fd0                xstrdup
 .text.xstrndup
                0x0000000000407028       0x90 libbb/lib.a(xfuncs_printf.o)
                0x0000000000407028                xstrndup
 .text.xfopen   0x00000000004070b8       0x5c libbb/lib.a(xfuncs_printf.o)
                0x00000000004070b8                xfopen
 .text.xopen3   0x0000000000407114       0x5c libbb/lib.a(xfuncs_printf.o)
                0x0000000000407114                xopen3
 .text.xopen    0x0000000000407170       0x1c libbb/lib.a(xfuncs_printf.o)
                0x0000000000407170                xopen
 .text.open3_or_warn
                0x000000000040718c       0x70 libbb/lib.a(xfuncs_printf.o)
                0x000000000040718c                open3_or_warn
 .text.open_or_warn
                0x00000000004071fc       0x1c libbb/lib.a(xfuncs_printf.o)
                0x00000000004071fc                open_or_warn
 .text.xrename  0x0000000000407218       0x64 libbb/lib.a(xfuncs_printf.o)
                0x0000000000407218                xrename
 .text.xdup2    0x000000000040727c       0x5c libbb/lib.a(xfuncs_printf.o)
                0x000000000040727c                xdup2
 .text.xwrite   0x00000000004072d8       0x60 libbb/lib.a(xfuncs_printf.o)
                0x00000000004072d8                xwrite
 .text.xlseek   0x0000000000407338       0x78 libbb/lib.a(xfuncs_printf.o)
                0x0000000000407338                xlseek
 .text.bb_putchar
                0x00000000004073b0       0x80 libbb/lib.a(xfuncs_printf.o)
                0x00000000004073b0                bb_putchar
 .text.xprint_and_close_file
                0x0000000000407430       0x98 libbb/lib.a(xfuncs_printf.o)
                0x0000000000407430                xprint_and_close_file
 .text.xasprintf
                0x00000000004074c8       0x68 libbb/lib.a(xfuncs_printf.o)
                0x00000000004074c8                xasprintf
 .text.xsetenv  0x0000000000407530       0x54 libbb/lib.a(xfuncs_printf.o)
                0x0000000000407530                xsetenv
 .text.xsetgid  0x0000000000407584       0x58 libbb/lib.a(xfuncs_printf.o)
                0x0000000000407584                xsetgid
 .text.xsetuid  0x00000000004075dc       0x58 libbb/lib.a(xfuncs_printf.o)
                0x00000000004075dc                xsetuid
 .text.xchdir   0x0000000000407634       0x5c libbb/lib.a(xfuncs_printf.o)
                0x0000000000407634                xchdir
 .text.warn_opendir
                0x0000000000407690       0x70 libbb/lib.a(xfuncs_printf.o)
                0x0000000000407690                warn_opendir
 .text.xopendir
                0x0000000000407700       0x5c libbb/lib.a(xfuncs_printf.o)
                0x0000000000407700                xopendir
 .text.xsocket  0x000000000040775c       0x58 libbb/lib.a(xfuncs_printf.o)
                0x000000000040775c                xsocket
 .text.xbind    0x00000000004077b4       0x58 libbb/lib.a(xfuncs_printf.o)
                0x00000000004077b4                xbind
 .text.xlisten  0x000000000040780c       0x58 libbb/lib.a(xfuncs_printf.o)
                0x000000000040780c                xlisten
 .text.xsendto  0x0000000000407864       0x60 libbb/lib.a(xfuncs_printf.o)
                0x0000000000407864                xsendto
 .text.xstat    0x00000000004078c4       0x5c libbb/lib.a(xfuncs_printf.o)
                0x00000000004078c4                xstat
 .text.ioctl_or_perror_and_die
                0x0000000000407920       0x94 libbb/lib.a(xfuncs_printf.o)
                0x0000000000407920                ioctl_or_perror_and_die
 .text.bb_ioctl_or_warn
                0x00000000004079b4       0x70 libbb/lib.a(xfuncs_printf.o)
                0x00000000004079b4                bb_ioctl_or_warn
 .text.bb_xioctl
                0x0000000000407a24       0x5c libbb/lib.a(xfuncs_printf.o)
                0x0000000000407a24                bb_xioctl
 .text.bb_full_fd_action
                0x0000000000407a80      0x140 libbb/lib.a(copyfd.o)
 .text.bb_copyfd_size
                0x0000000000407bc0       0x30 libbb/lib.a(copyfd.o)
                0x0000000000407bc0                bb_copyfd_size
 .text.bb_copyfd_exact_size
                0x0000000000407bf0       0x78 libbb/lib.a(copyfd.o)
                0x0000000000407bf0                bb_copyfd_exact_size
 .text.bb_copyfd_eof
                0x0000000000407c68       0x20 libbb/lib.a(copyfd.o)
                0x0000000000407c68                bb_copyfd_eof
 .text.bb_error_msg
                0x0000000000407c88       0x48 libbb/lib.a(error_msg.o)
                0x0000000000407c88                bb_error_msg
 .text.bb_perror_msg
                0x0000000000407cd0       0x7c libbb/lib.a(perror_msg.o)
                0x0000000000407cd0                bb_perror_msg
 .text.bb_simple_perror_msg
                0x0000000000407d4c       0x24 libbb/lib.a(perror_msg.o)
                0x0000000000407d4c                bb_simple_perror_msg
 .text.bb_perror_msg_and_die
                0x0000000000407d70       0x80 libbb/lib.a(perror_msg_and_die.o)
                0x0000000000407d70                bb_perror_msg_and_die
 .text.bb_simple_perror_msg_and_die
                0x0000000000407df0       0x30 libbb/lib.a(perror_msg_and_die.o)
                0x0000000000407df0                bb_simple_perror_msg_and_die
 .text.safe_read
                0x0000000000407e20       0x88 libbb/lib.a(read.o)
                0x0000000000407e20                safe_read
 .text.nonblock_safe_read
                0x0000000000407ea8       0xb4 libbb/lib.a(read.o)
                0x0000000000407ea8                nonblock_safe_read
 .text.full_read
                0x0000000000407f5c       0xa4 libbb/lib.a(read.o)
                0x0000000000407f5c                full_read
 .text.xread    0x0000000000408000       0x60 libbb/lib.a(read.o)
                0x0000000000408000                xread
 .text.read_close
                0x0000000000408060       0x64 libbb/lib.a(read.o)
                0x0000000000408060                read_close
 .text.open_read_close
                0x00000000004080c4       0x74 libbb/lib.a(read.o)
                0x00000000004080c4                open_read_close
 .text.xmalloc_read
                0x0000000000408138      0x170 libbb/lib.a(read.o)
                0x0000000000408138                xmalloc_read
 .text.xmalloc_open_read_close
                0x00000000004082a8       0x88 libbb/lib.a(read.o)
                0x00000000004082a8                xmalloc_open_read_close
 .text.xmalloc_xopen_read_close
                0x0000000000408330       0x5c libbb/lib.a(read.o)
                0x0000000000408330                xmalloc_xopen_read_close
 .text.safe_poll
                0x000000000040838c       0xbc libbb/lib.a(safe_poll.o)
                0x000000000040838c                safe_poll
 .text.chpasswd_main
                0x0000000000408448      0x224 loginutils/lib.a(chpasswd.o)
                0x0000000000408448                chpasswd_main
 .text.alarm_handler
                0x000000000040866c       0x90 loginutils/lib.a(login.o)
 .text.login_main
                0x00000000004086fc      0x670 loginutils/lib.a(login.o)
                0x00000000004086fc                login_main
 .text.check_module_name_match
                0x0000000000408d6c       0xa0 modutils/lib.a(insmod.o)
 .text.arch_new_section
                0x0000000000408e0c       0x1c modutils/lib.a(insmod.o)
 .text.arch_new_symbol
                0x0000000000408e28       0x1c modutils/lib.a(insmod.o)
 .text.obj_elf_hash
                0x0000000000408e44       0x88 modutils/lib.a(insmod.o)
 .text.obj_add_symbol
                0x0000000000408ecc      0x2f0 modutils/lib.a(insmod.o)
 .text.obj_find_symbol
                0x00000000004091bc       0xb4 modutils/lib.a(insmod.o)
 .text.obj_symbol_final_value
                0x0000000000409270       0x4c modutils/lib.a(insmod.o)
 .text.obj_find_section
                0x00000000004092bc       0xa4 modutils/lib.a(insmod.o)
 .text.obj_load_order_prio
                0x0000000000409360       0xec modutils/lib.a(insmod.o)
 .text.obj_insert_section_load_order
                0x000000000040944c       0xb4 modutils/lib.a(insmod.o)
 .text.obj_create_alloced_section
                0x0000000000409500      0x110 modutils/lib.a(insmod.o)
 .text.obj_extend_section
                0x0000000000409610       0x64 modutils/lib.a(insmod.o)
 .text.add_symbols_from
                0x0000000000409674      0x114 modutils/lib.a(insmod.o)
 .text.get_modinfo_value
                0x0000000000409788      0x154 modutils/lib.a(insmod.o)
 .text.obj_string_patch
                0x00000000004098dc      0x138 modutils/lib.a(insmod.o)
 .text.new_process_module_arguments
                0x0000000000409a14      0x714 modutils/lib.a(insmod.o)
 .text.obj_symbol_patch
                0x000000000040a128       0x7c modutils/lib.a(insmod.o)
 .text.new_create_module_ksymtab
                0x000000000040a1a4      0x2f4 modutils/lib.a(insmod.o)
 .text.obj_allocate_commons
                0x000000000040a498      0x360 modutils/lib.a(insmod.o)
 .text.obj_load
                0x000000000040a7f8      0x5d0 modutils/lib.a(insmod.o)
 .text.insmod_main
                0x000000000040adc8     0x1710 modutils/lib.a(insmod.o)
                0x000000000040adc8                insmod_main
 .text.lsmod_main
                0x000000000040c4d8      0x284 modutils/lib.a(lsmod.o)
                0x000000000040c4d8                lsmod_main
 .text.rmmod_main
                0x000000000040c75c      0x250 modutils/lib.a(rmmod.o)
                0x000000000040c75c                rmmod_main
 .text.finish   0x000000000040c9ac       0xec networking/lib.a(arping.o)
 .text.catcher  0x000000000040ca98      0x294 networking/lib.a(arping.o)
 .text.arping_main
                0x000000000040cd2c      0xb50 networking/lib.a(arping.o)
                0x000000000040cd2c                arping_main
 .text.arm_ioctl
                0x000000000040d87c       0x14 networking/lib.a(brctl.o)
 .text.brctl_main
                0x000000000040d890      0x740 networking/lib.a(brctl.o)
                0x000000000040d890                brctl_main
 .text.ftp_die  0x000000000040dfd0       0x88 networking/lib.a(ftpgetput.o)
 .text.ftpcmd   0x000000000040e058      0x148 networking/lib.a(ftpgetput.o)
 .text.xconnect_ftpdata
                0x000000000040e1a0      0x12c networking/lib.a(ftpgetput.o)
 .text.pump_data_and_QUIT
                0x000000000040e2cc       0xe0 networking/lib.a(ftpgetput.o)
 .text.ftp_receive
                0x000000000040e3ac      0x210 networking/lib.a(ftpgetput.o)
 .text.ftp_send
                0x000000000040e5bc       0xfc networking/lib.a(ftpgetput.o)
 .text.ftpgetput_main
                0x000000000040e6b8      0x2a4 networking/lib.a(ftpgetput.o)
                0x000000000040e6b8                ftpgetput_main
 .text.do_sethostname
                0x000000000040e95c      0x124 networking/lib.a(hostname.o)
 .text.hostname_main
                0x000000000040ea80      0x208 networking/lib.a(hostname.o)
                0x000000000040ea80                hostname_main
 .text.ifconfig_main
                0x000000000040ec88      0x65c networking/lib.a(ifconfig.o)
                0x000000000040ec88                ifconfig_main
 .text.INET_sprint
                0x000000000040f2e4       0x9c networking/lib.a(interface.o)
 .text.INET_input
                0x000000000040f380       0x1c networking/lib.a(interface.o)
 .text.INET6_sprint
                0x000000000040f39c       0x98 networking/lib.a(interface.o)
 .text.INET6_input
                0x000000000040f434       0x1c networking/lib.a(interface.o)
 .text.UNSPEC_print
                0x000000000040f450       0xb0 networking/lib.a(interface.o)
 .text.UNSPEC_sprint
                0x000000000040f500       0x44 networking/lib.a(interface.o)
 .text.get_afntype
                0x000000000040f544       0x5c networking/lib.a(interface.o)
 .text.add_interface
                0x000000000040f5a0      0x100 networking/lib.a(interface.o)
 .text.if_readconf
                0x000000000040f6a0      0x14c networking/lib.a(interface.o)
 .text.if_readlist_proc
                0x000000000040f7ec      0x3bc networking/lib.a(interface.o)
 .text.do_if_fetch
                0x000000000040fba8      0x4c0 networking/lib.a(interface.o)
 .text.ether_print
                0x0000000000410068       0x8c networking/lib.a(interface.o)
 .text.hexchar2int
                0x00000000004100f4       0x34 networking/lib.a(interface.o)
 .text.ether_input
                0x0000000000410128      0x140 networking/lib.a(interface.o)
 .text.get_hwntype
                0x0000000000410268       0x5c networking/lib.a(interface.o)
                0x0000000000410268                get_hwntype
 .text.print_bytes_scaled
                0x00000000004102c4       0xbc networking/lib.a(interface.o)
 .text.ife_print
                0x0000000000410380      0x8fc networking/lib.a(interface.o)
 .text.display_interfaces
                0x0000000000410c7c      0x1ac networking/lib.a(interface.o)
                0x0000000000410c7c                display_interfaces
 .text.print_stats_and_exit
                0x0000000000410e28      0x22c networking/lib.a(ping.o)
 .text.sendping4
                0x0000000000411054      0x298 networking/lib.a(ping.o)
 .text.ping_main
                0x00000000004112ec      0x7d4 networking/lib.a(ping.o)
                0x00000000004112ec                ping_main
 .text.kw_lookup
                0x0000000000411ac0       0xdc networking/lib.a(route.o)
 .text.set_flags
                0x0000000000411b9c       0x6c networking/lib.a(route.o)
 .text.bb_displayroutes
                0x0000000000411c08      0x2f0 networking/lib.a(route.o)
                0x0000000000411c08                bb_displayroutes
 .text.route_main
                0x0000000000411ef8      0xc98 networking/lib.a(route.o)
                0x0000000000411ef8                route_main
 .text.make_new_session
                0x0000000000412b90      0x354 networking/lib.a(telnetd.o)
 .text.free_session
                0x0000000000412ee4      0x144 networking/lib.a(telnetd.o)
 .text.handle_sigchld
                0x0000000000413028       0x80 networking/lib.a(telnetd.o)
 .text.telnetd_main
                0x00000000004130a8      0x924 networking/lib.a(telnetd.o)
                0x00000000004130a8                telnetd_main
 .text.ifaddrlist
                0x00000000004139cc      0x298 networking/lib.a(traceroute.o)
 .text.setsin   0x0000000000413c64       0x5c networking/lib.a(traceroute.o)
 .text.in_cksum
                0x0000000000413cc0       0x5c networking/lib.a(traceroute.o)
 .text.gethostinfo
                0x0000000000413d1c      0x190 networking/lib.a(traceroute.o)
 .text.freehostinfo
                0x0000000000413eac       0x64 networking/lib.a(traceroute.o)
 .text.traceroute_main
                0x0000000000413f10     0x12b8 networking/lib.a(traceroute.o)
                0x0000000000413f10                traceroute_main
 .text.xfind_str
                0x00000000004151c8       0x88 networking/lib.a(vconfig.o)
 .text.vconfig_main
                0x0000000000415250      0x1d4 networking/lib.a(vconfig.o)
                0x0000000000415250                vconfig_main
 .text.progressmeter
                0x0000000000415424      0x4f8 networking/lib.a(wget.o)
 .text.safe_fgets
                0x000000000041591c       0xc4 networking/lib.a(wget.o)
 .text.base64enc_512
                0x00000000004159e0       0x7c networking/lib.a(wget.o)
 .text.open_socket
                0x0000000000415a5c       0x74 networking/lib.a(wget.o)
 .text.ftpcmd   0x0000000000415ad0      0x134 networking/lib.a(wget.o)
 .text.parse_url
                0x0000000000415c04      0x224 networking/lib.a(wget.o)
 .text.gethdr   0x0000000000415e28      0x1f4 networking/lib.a(wget.o)
 .text.wget_main
                0x000000000041601c      0xed0 networking/lib.a(wget.o)
                0x000000000041601c                wget_main
 .text.free_main
                0x0000000000416eec      0x2c0 procps/lib.a(free.o)
                0x0000000000416eec                free_main
 .text.kill_main
                0x00000000004171ac      0x44c procps/lib.a(kill.o)
                0x00000000004171ac                kill_main
 .text.ps_main  0x00000000004175f8      0x140 procps/lib.a(ps.o)
                0x00000000004175f8                ps_main
 .text.raise_exception
                0x0000000000417738       0x4c shell/lib.a(ash.o)
 .text.raise_interrupt
                0x0000000000417784       0xbc shell/lib.a(ash.o)
 .text.ignoresig
                0x0000000000417840       0x70 shell/lib.a(ash.o)
 .text.onsig    0x00000000004178b0       0x88 shell/lib.a(ash.o)
 .text.outstr   0x0000000000417938       0xa4 shell/lib.a(ash.o)
 .text.flush_stdout_stderr
                0x00000000004179dc       0xc4 shell/lib.a(ash.o)
 .text.flush_stderr
                0x0000000000417aa0       0xa8 shell/lib.a(ash.o)
 .text.outcslow
                0x0000000000417b48       0xf8 shell/lib.a(ash.o)
 .text.out1fmt  0x0000000000417c40       0xa4 shell/lib.a(ash.o)
 .text.fmtstr   0x0000000000417ce4       0xa4 shell/lib.a(ash.o)
 .text.out1str  0x0000000000417d88       0x24 shell/lib.a(ash.o)
 .text.out2str  0x0000000000417dac       0x4c shell/lib.a(ash.o)
 .text.freefunc
                0x0000000000417df8       0x38 shell/lib.a(ash.o)
 .text.ash_vmsg
                0x0000000000417e30      0x14c shell/lib.a(ash.o)
 .text.ash_vmsg_and_raise
                0x0000000000417f7c       0x6c shell/lib.a(ash.o)
 .text.ash_msg_and_raise_error
                0x0000000000417fe8       0x3c shell/lib.a(ash.o)
 .text.ash_msg_and_raise
                0x0000000000418024       0x30 shell/lib.a(ash.o)
 .text.ash_msg  0x0000000000418054       0x48 shell/lib.a(ash.o)
 .text.errmsg   0x000000000041809c       0x38 shell/lib.a(ash.o)
 .text.ckrealloc
                0x00000000004180d4       0x58 shell/lib.a(ash.o)
 .text.ckmalloc
                0x000000000041812c       0x20 shell/lib.a(ash.o)
 .text.ckzalloc
                0x000000000041814c       0x54 shell/lib.a(ash.o)
 .text.ckstrdup
                0x00000000004181a0       0x58 shell/lib.a(ash.o)
 .text.stalloc  0x00000000004181f8      0x158 shell/lib.a(ash.o)
 .text.stzalloc
                0x0000000000418350       0x54 shell/lib.a(ash.o)
 .text.stunalloc
                0x00000000004183a4       0x38 shell/lib.a(ash.o)
 .text.ststrdup
                0x00000000004183dc       0x74 shell/lib.a(ash.o)
 .text.setstackmark
                0x0000000000418450       0x44 shell/lib.a(ash.o)
 .text.popstackmark
                0x0000000000418494      0x138 shell/lib.a(ash.o)
 .text.growstackblock
                0x00000000004185cc      0x1f8 shell/lib.a(ash.o)
 .text.growstackstr
                0x00000000004187c4       0xac shell/lib.a(ash.o)
 .text.makestrspace
                0x0000000000418870       0xa0 shell/lib.a(ash.o)
 .text.stack_nputstr
                0x0000000000418910       0x70 shell/lib.a(ash.o)
 .text.stack_putstr
                0x0000000000418980       0x5c shell/lib.a(ash.o)
 .text._STPUTC  0x00000000004189dc       0x70 shell/lib.a(ash.o)
 .text.prefix   0x0000000000418a4c       0x30 shell/lib.a(ash.o)
 .text.is_number
                0x0000000000418a7c       0x3c shell/lib.a(ash.o)
 .text.number   0x0000000000418ab8       0x6c shell/lib.a(ash.o)
 .text.single_quote
                0x0000000000418b24      0x150 shell/lib.a(ash.o)
 .text.nextopt  0x0000000000418c74      0x178 shell/lib.a(ash.o)
 .text.freeparam
                0x0000000000418dec       0x98 shell/lib.a(ash.o)
 .text.endofname
                0x0000000000418e84       0xb0 shell/lib.a(ash.o)
 .text.varcmp   0x0000000000418f34       0x60 shell/lib.a(ash.o)
 .text.varequal
                0x0000000000418f94       0x40 shell/lib.a(ash.o)
 .text.hashvar  0x0000000000418fd4       0xa0 shell/lib.a(ash.o)
 .text.vpcmp    0x0000000000419074       0x24 shell/lib.a(ash.o)
 .text.findvar  0x0000000000419098       0x84 shell/lib.a(ash.o)
 .text.lookupvar
                0x000000000041911c       0x9c shell/lib.a(ash.o)
 .text.bltinlookup
                0x00000000004191b8       0xac shell/lib.a(ash.o)
 .text.setvareq
                0x0000000000419264      0x1f4 shell/lib.a(ash.o)
 .text.setvar   0x0000000000419458      0x1c4 shell/lib.a(ash.o)
 .text.unsetvar
                0x000000000041961c      0x184 shell/lib.a(ash.o)
 .text.listsetvar
                0x00000000004197a0       0xd8 shell/lib.a(ash.o)
 .text.listvars
                0x0000000000419878      0x16c shell/lib.a(ash.o)
 .text.padvance
                0x00000000004199e4      0x22c shell/lib.a(ash.o)
 .text.setprompt
                0x0000000000419c10       0x8c shell/lib.a(ash.o)
 .text.cdopt    0x0000000000419c9c       0x78 shell/lib.a(ash.o)
 .text.setpwd   0x0000000000419d14      0x1ec shell/lib.a(ash.o)
 .text.cdcmd    0x0000000000419f00      0x61c shell/lib.a(ash.o)
 .text.pwdcmd   0x000000000041a51c       0xa8 shell/lib.a(ash.o)
 .text.setsignal
                0x000000000041a5c4      0x224 shell/lib.a(ash.o)
 .text.set_curjob
                0x000000000041a7e8       0x64 shell/lib.a(ash.o)
 .text.freejob  0x000000000041a84c      0x150 shell/lib.a(ash.o)
 .text.dowait   0x000000000041a99c      0x2cc shell/lib.a(ash.o)
 .text.getstatus
                0x000000000041ac68       0x38 shell/lib.a(ash.o)
 .text.waitcmd  0x000000000041aca0      0x38c shell/lib.a(ash.o)
 .text.makejob  0x000000000041b02c      0x204 shell/lib.a(ash.o)
 .text.waitforjob
                0x000000000041b230       0xa0 shell/lib.a(ash.o)
 .text.stoppedjobs
                0x000000000041b2d0       0xa0 shell/lib.a(ash.o)
 .text.copyfd   0x000000000041b370       0xb8 shell/lib.a(ash.o)
 .text.need_to_remember
                0x000000000041b428       0x50 shell/lib.a(ash.o)
 .text.is_hidden_fd
                0x000000000041b478       0xa0 shell/lib.a(ash.o)
 .text.popredir
                0x000000000041b518      0x1cc shell/lib.a(ash.o)
 .text.clearredir
                0x000000000041b6e4       0x70 shell/lib.a(ash.o)
 .text.cvtnum   0x000000000041b754       0x88 shell/lib.a(ash.o)
 .text._rmescapes
                0x000000000041b7dc      0x1f0 shell/lib.a(ash.o)
 .text.preglob  0x000000000041b9cc       0x2c shell/lib.a(ash.o)
 .text.memtodest
                0x000000000041b9f8      0x110 shell/lib.a(ash.o)
 .text.recordregion
                0x000000000041bb08      0x104 shell/lib.a(ash.o)
 .text.removerecordregions
                0x000000000041bc0c      0x278 shell/lib.a(ash.o)
 .text.scanleft
                0x000000000041be84       0xdc shell/lib.a(ash.o)
 .text.scanright
                0x000000000041bf60      0x148 shell/lib.a(ash.o)
 .text.varunset
                0x000000000041c0a8       0x8c shell/lib.a(ash.o)
 .text.addfname
                0x000000000041c134       0x80 shell/lib.a(ash.o)
 .text.expmeta  0x000000000041c1b4      0x410 shell/lib.a(ash.o)
 .text.msort    0x000000000041c5c4      0x128 shell/lib.a(ash.o)
 .text.tryexec  0x000000000041c6ec      0x128 shell/lib.a(ash.o)
 .text.shellexec
                0x000000000041c814      0x1d4 shell/lib.a(ash.o)
 .text.clearcmdentry
                0x000000000041c9e8      0x16c shell/lib.a(ash.o)
 .text.cmdlookup
                0x000000000041cb54      0x160 shell/lib.a(ash.o)
 .text.delete_cmd_entry
                0x000000000041ccb4       0xfc shell/lib.a(ash.o)
 .text.changepath
                0x000000000041cdb0      0x170 shell/lib.a(ash.o)
 .text.tokname  0x000000000041cf20       0x8c shell/lib.a(ash.o)
 .text.pstrcmp  0x000000000041cfac       0x20 shell/lib.a(ash.o)
 .text.findkwd  0x000000000041cfcc       0x50 shell/lib.a(ash.o)
 .text.sizenodelist
                0x000000000041d01c       0x68 shell/lib.a(ash.o)
 .text.calcsize
                0x000000000041d084      0x1ac shell/lib.a(ash.o)
 .text.nodeckstrdup
                0x000000000041d230       0x88 shell/lib.a(ash.o)
 .text.copynodelist
                0x000000000041d2b8       0x8c shell/lib.a(ash.o)
 .text.copynode
                0x000000000041d344      0x208 shell/lib.a(ash.o)
 .text.optschanged
                0x000000000041d54c       0xe8 shell/lib.a(ash.o)
 .text.localcmd
                0x000000000041d634      0x288 shell/lib.a(ash.o)
 .text.falsecmd
                0x000000000041d8bc        0x8 shell/lib.a(ash.o)
 .text.truecmd  0x000000000041d8c4        0x8 shell/lib.a(ash.o)
 .text.execcmd  0x000000000041d8cc       0x80 shell/lib.a(ash.o)
 .text.returncmd
                0x000000000041d94c       0x68 shell/lib.a(ash.o)
 .text.find_builtin
                0x000000000041d9b4       0x50 shell/lib.a(ash.o)
 .text.isassignment
                0x000000000041da04       0x60 shell/lib.a(ash.o)
 .text.bltincmd
                0x000000000041da64       0x20 shell/lib.a(ash.o)
 .text.evalbltin
                0x000000000041da84      0x144 shell/lib.a(ash.o)
 .text.goodname
                0x000000000041dbc8       0x44 shell/lib.a(ash.o)
 .text.breakcmd
                0x000000000041dc0c       0xd4 shell/lib.a(ash.o)
 .text.popstring
                0x000000000041dce0       0xd0 shell/lib.a(ash.o)
 .text.preadbuffer
                0x000000000041ddb0      0x344 shell/lib.a(ash.o)
 .text.pgetc    0x000000000041e0f4       0x54 shell/lib.a(ash.o)
 .text.pgetc2   0x000000000041e148       0x54 shell/lib.a(ash.o)
 .text.pungetc  0x000000000041e19c       0x30 shell/lib.a(ash.o)
 .text.pushfile
                0x000000000041e1cc       0x94 shell/lib.a(ash.o)
 .text.popfile  0x000000000041e260      0x168 shell/lib.a(ash.o)
 .text.popallfiles
                0x000000000041e3c8       0x6c shell/lib.a(ash.o)
 .text.forkshell
                0x000000000041e434      0x3ec shell/lib.a(ash.o)
 .text.setinputfile
                0x000000000041e820      0x1fc shell/lib.a(ash.o)
 .text.setinputstring
                0x000000000041ea1c       0xf4 shell/lib.a(ash.o)
 .text.setparam
                0x000000000041eb10       0xf0 shell/lib.a(ash.o)
 .text.options  0x000000000041ec00      0x3ec shell/lib.a(ash.o)
 .text.shiftcmd
                0x000000000041efec      0x17c shell/lib.a(ash.o)
 .text.showvars
                0x000000000041f168      0x13c shell/lib.a(ash.o)
 .text.setcmd   0x000000000041f2a4      0x144 shell/lib.a(ash.o)
 .text.raise_error_syntax
                0x000000000041f3e8       0x30 shell/lib.a(ash.o)
 .text.raise_error_unexpected_syntax
                0x000000000041f418       0xb8 shell/lib.a(ash.o)
 .text.makename
                0x000000000041f4d0       0x5c shell/lib.a(ash.o)
 .text.fixredir
                0x000000000041f52c      0x100 shell/lib.a(ash.o)
 .text.xxreadtoken
                0x000000000041f62c      0x318 shell/lib.a(ash.o)
 .text.readtoken
                0x000000000041f944      0x12c shell/lib.a(ash.o)
 .text.parsefname
                0x000000000041fa70      0x224 shell/lib.a(ash.o)
 .text.peektoken
                0x000000000041fc94       0x60 shell/lib.a(ash.o)
 .text.list     0x000000000041fcf4      0x2f8 shell/lib.a(ash.o)
 .text.readtoken1
                0x000000000041ffec     0x1484 shell/lib.a(ash.o)
 .text.parseheredoc
                0x0000000000421470      0x120 shell/lib.a(ash.o)
 .text.parse_command
                0x0000000000421590      0xa04 shell/lib.a(ash.o)
 .text.pipeline
                0x0000000000421f94      0x1a0 shell/lib.a(ash.o)
 .text.parsecmd
                0x0000000000422134       0xc0 shell/lib.a(ash.o)
 .text.evalstring
                0x00000000004221f4      0x114 shell/lib.a(ash.o)
 .text.evaltree
                0x0000000000422308      0x5e4 shell/lib.a(ash.o)
 .text.argstr   0x00000000004228ec      0x868 shell/lib.a(ash.o)
 .text.expandarg
                0x0000000000423154      0x6cc shell/lib.a(ash.o)
 .text.expredir
                0x0000000000423820      0x10c shell/lib.a(ash.o)
 .text.redirect
                0x000000000042392c      0x7fc shell/lib.a(ash.o)
 .text.redirectsafe
                0x0000000000424128      0x10c shell/lib.a(ash.o)
 .text.evalsubshell
                0x0000000000424234      0x1e4 shell/lib.a(ash.o)
 .text.subevalvar
                0x0000000000424418      0x248 shell/lib.a(ash.o)
 .text.evalvar  0x0000000000424660      0x934 shell/lib.a(ash.o)
 .text.evalcase
                0x0000000000424f94      0x254 shell/lib.a(ash.o)
 .text.evalloop
                0x00000000004251e8      0x168 shell/lib.a(ash.o)
 .text.evalfor  0x0000000000425350      0x1d4 shell/lib.a(ash.o)
 .text.evalfun  0x0000000000425524      0x3c4 shell/lib.a(ash.o)
 .text.evalcmd  0x00000000004258e8      0x118 shell/lib.a(ash.o)
 .text.cmdloop  0x0000000000425a00      0x194 shell/lib.a(ash.o)
 .text.dotcmd   0x0000000000425b94      0x254 shell/lib.a(ash.o)
 .text.exitcmd  0x0000000000425de8       0x98 shell/lib.a(ash.o)
 .text.find_command
                0x0000000000425e80      0x644 shell/lib.a(ash.o)
 .text.typecmd  0x00000000004264c4      0x360 shell/lib.a(ash.o)
 .text.hashcmd  0x0000000000426824      0x27c shell/lib.a(ash.o)
 .text.evalpipe
                0x0000000000426aa0      0x368 shell/lib.a(ash.o)
 .text.evalcommand
                0x0000000000426e08      0x744 shell/lib.a(ash.o)
 .text.trapcmd  0x000000000042754c      0x268 shell/lib.a(ash.o)
 .text.helpcmd  0x00000000004277b4       0xe8 shell/lib.a(ash.o)
 .text.exportcmd
                0x000000000042789c      0x178 shell/lib.a(ash.o)
 .text.unsetcmd
                0x0000000000427a14      0x124 shell/lib.a(ash.o)
 .text.timescmd
                0x0000000000427b38      0x130 shell/lib.a(ash.o)
 .text.readcmd  0x0000000000427c68      0x428 shell/lib.a(ash.o)
 .text.umaskcmd
                0x0000000000428090      0x2dc shell/lib.a(ash.o)
 .text.printlim
                0x000000000042836c       0x64 shell/lib.a(ash.o)
 .text.ulimitcmd
                0x00000000004283d0      0x30c shell/lib.a(ash.o)
 .text.exitshell
                0x00000000004286dc       0xd8 shell/lib.a(ash.o)
 .text.read_profile
                0x00000000004287b4       0x9c shell/lib.a(ash.o)
 .text.ash_main
                0x0000000000428850      0x8e4 shell/lib.a(ash.o)
                0x0000000000428850                ash_main
 .text.klogd_signal
                0x0000000000429134       0x80 sysklogd/lib.a(klogd.o)
 .text.klogd_main
                0x00000000004291b4      0x298 sysklogd/lib.a(klogd.o)
                0x00000000004291b4                klogd_main
 .text.error_exit
                0x000000000042944c       0x4c sysklogd/lib.a(logread.o)
 .text.sem_up   0x0000000000429498       0x60 sysklogd/lib.a(logread.o)
 .text.interrupted
                0x00000000004294f8       0x5c sysklogd/lib.a(logread.o)
 .text.logread_main
                0x0000000000429554      0x3b0 sysklogd/lib.a(logread.o)
                0x0000000000429554                logread_main
 .text.message  0x0000000000429904      0x200 sysklogd/lib.a(syslogd_and_logger.o)
 .text.logMessage
                0x0000000000429b04      0x454 sysklogd/lib.a(syslogd_and_logger.o)
 .text.quit_signal
                0x0000000000429f58       0x64 sysklogd/lib.a(syslogd_and_logger.o)
 .text.domark   0x0000000000429fbc       0x74 sysklogd/lib.a(syslogd_and_logger.o)
 .text.syslogd_main
                0x000000000042a030      0x8bc sysklogd/lib.a(syslogd_and_logger.o)
                0x000000000042a030                syslogd_main
 .text.decode   0x000000000042a8ec       0xa8 sysklogd/lib.a(syslogd_and_logger.o)
 .text.logger_main
                0x000000000042a994      0x310 sysklogd/lib.a(syslogd_and_logger.o)
                0x000000000042a994                logger_main
 .text.dmesg_main
                0x000000000042aca4      0x1ac util-linux/lib.a(dmesg.o)
                0x000000000042aca4                dmesg_main
 .text.tmp_log  0x000000000042ae50       0xac util-linux/lib.a(mdev.o)
                0x000000000042ae50                tmp_log
 .text.make_device
                0x000000000042aefc      0x580 util-linux/lib.a(mdev.o)
 .text.fileAction
                0x000000000042b47c       0xbc util-linux/lib.a(mdev.o)
 .text.dirAction
                0x000000000042b538       0x10 util-linux/lib.a(mdev.o)
 .text.mdev_main
                0x000000000042b548      0x370 util-linux/lib.a(mdev.o)
                0x000000000042b548                mdev_main
 .text.append_mount_options
                0x000000000042b8b8      0x19c util-linux/lib.a(mount.o)
 .text.parse_mount_options
                0x000000000042ba54      0x1ac util-linux/lib.a(mount.o)
 .text.mount_it_now
                0x000000000042bc00      0x118 util-linux/lib.a(mount.o)
 .text.singlemount
                0x000000000042bd18      0x494 util-linux/lib.a(mount.o)
 .text.mount_main
                0x000000000042c1ac      0x5b4 util-linux/lib.a(mount.o)
                0x000000000042c1ac                mount_main
 .text.umount_main
                0x000000000042c760      0x3b8 util-linux/lib.a(umount.o)
                0x000000000042c760                umount_main
 .text.unzip_skip
                0x000000000042cb18       0x1c archival/lib.a(unzip.o)
 .text.unzip_create_leading_dirs
                0x000000000042cb34       0x94 archival/lib.a(unzip.o)
 .text.unzip_main
                0x000000000042cbc8      0xaac archival/lib.a(unzip.o)
                0x000000000042cbc8                unzip_main
 .text.huft_free
                0x000000000042d674       0x54 archival/libunarchive/lib.a(decompress_unzip.o)
 .text.huft_free_all
                0x000000000042d6c8       0x6c archival/libunarchive/lib.a(decompress_unzip.o)
 .text.abort_unzip
                0x000000000042d734       0x48 archival/libunarchive/lib.a(decompress_unzip.o)
 .text.fill_bitbuffer
                0x000000000042d77c      0x134 archival/libunarchive/lib.a(decompress_unzip.o)
 .text.huft_build
                0x000000000042d8b0      0x5f4 archival/libunarchive/lib.a(decompress_unzip.o)
 .text.inflate_codes_setup
                0x000000000042dea4       0x58 archival/libunarchive/lib.a(decompress_unzip.o)
 .text.calculate_gunzip_crc
                0x000000000042defc       0x64 archival/libunarchive/lib.a(decompress_unzip.o)
 .text.inflate_unzip_internal
                0x000000000042df60      0xed4 archival/libunarchive/lib.a(decompress_unzip.o)
 .text.inflate_unzip
                0x000000000042ee34       0xe8 archival/libunarchive/lib.a(decompress_unzip.o)
                0x000000000042ee34                inflate_unzip
 .text.find_list_entry
                0x000000000042ef1c       0x70 archival/libunarchive/lib.a(find_list_entry.o)
                0x000000000042ef1c                find_list_entry
 .text.basename_main
                0x000000000042ef8c      0x114 coreutils/lib.a(basename.o)
                0x000000000042ef8c                basename_main
 .text.bb_cat   0x000000000042f0a0       0xc4 coreutils/lib.a(cat.o)
                0x000000000042f0a0                bb_cat
 .text.cat_main
                0x000000000042f164       0x60 coreutils/lib.a(cat.o)
                0x000000000042f164                cat_main
 .text.fileAction
                0x000000000042f1c4       0xf4 coreutils/lib.a(chmod.o)
 .text.chmod_main
                0x000000000042f2b8      0x158 coreutils/lib.a(chmod.o)
                0x000000000042f2b8                chmod_main
 .text.cp_main  0x000000000042f410      0x1dc coreutils/lib.a(cp.o)
                0x000000000042f410                cp_main
 .text.maybe_set_utc
                0x000000000042f5ec       0x34 coreutils/lib.a(date.o)
 .text.date_main
                0x000000000042f620      0x5d4 coreutils/lib.a(date.o)
                0x000000000042f620                date_main
 .text.echo_main
                0x000000000042fbf4      0x248 coreutils/lib.a(echo.o)
                0x000000000042fbf4                echo_main
 .text.int_value
                0x000000000042fe3c       0x44 coreutils/lib.a(expr.o)
 .text.str_value
                0x000000000042fe80       0x6c coreutils/lib.a(expr.o)
 .text.freev    0x000000000042feec       0x5c coreutils/lib.a(expr.o)
 .text.null     0x000000000042ff48       0x50 coreutils/lib.a(expr.o)
 .text.tostring
                0x000000000042ff98       0x60 coreutils/lib.a(expr.o)
 .text.toarith  0x000000000042fff8       0xa0 coreutils/lib.a(expr.o)
 .text.nextarg  0x0000000000430098       0x78 coreutils/lib.a(expr.o)
 .text.arithmetic_common
                0x0000000000430110      0x11c coreutils/lib.a(expr.o)
 .text.docolon  0x000000000043022c      0x1bc coreutils/lib.a(expr.o)
 .text.eval1    0x00000000004303e8      0x150 coreutils/lib.a(expr.o)
 .text.eval     0x0000000000430538       0xfc coreutils/lib.a(expr.o)
 .text.eval6    0x0000000000430634      0x504 coreutils/lib.a(expr.o)
 .text.eval5    0x0000000000430b38       0xfc coreutils/lib.a(expr.o)
 .text.eval4    0x0000000000430c34      0x150 coreutils/lib.a(expr.o)
 .text.eval3    0x0000000000430d84      0x134 coreutils/lib.a(expr.o)
 .text.eval2    0x0000000000430eb8      0x2a0 coreutils/lib.a(expr.o)
 .text.expr_main
                0x0000000000431158       0xf0 coreutils/lib.a(expr.o)
                0x0000000000431158                expr_main
 .text.ln_main  0x0000000000431248      0x33c coreutils/lib.a(ln.o)
                0x0000000000431248                ln_main
 .text.my_stat  0x0000000000431584       0xf8 coreutils/lib.a(ls.o)
 .text.count_dirs
                0x000000000043167c       0x90 coreutils/lib.a(ls.o)
 .text.dnalloc  0x000000000043170c       0x2c coreutils/lib.a(ls.o)
 .text.splitdnarray
                0x0000000000431738      0x168 coreutils/lib.a(ls.o)
 .text.showfiles
                0x00000000004318a0      0x57c coreutils/lib.a(ls.o)
 .text.showdirs
                0x0000000000431e1c      0x2d8 coreutils/lib.a(ls.o)
 .text.ls_main  0x00000000004320f4      0x3e8 coreutils/lib.a(ls.o)
                0x00000000004320f4                ls_main
 .text.mkdir_main
                0x00000000004324dc      0x138 coreutils/lib.a(mkdir.o)
                0x00000000004324dc                mkdir_main
 .text.mknod_main
                0x0000000000432614      0x194 coreutils/lib.a(mknod.o)
                0x0000000000432614                mknod_main
 .text.mv_main  0x00000000004327a8      0x358 coreutils/lib.a(mv.o)
                0x00000000004327a8                mv_main
 .text.pwd_main
                0x0000000000432b00       0x94 coreutils/lib.a(pwd.o)
                0x0000000000432b00                pwd_main
 .text.rm_main  0x0000000000432b94      0x188 coreutils/lib.a(rm.o)
                0x0000000000432b94                rm_main
 .text.sleep_main
                0x0000000000432d1c       0x6c coreutils/lib.a(sleep.o)
                0x0000000000432d1c                sleep_main
 .text.syntax   0x0000000000432d88       0x80 coreutils/lib.a(test.o)
 .text.getn     0x0000000000432e08       0xbc coreutils/lib.a(test.o)
 .text.check_operator
                0x0000000000432ec4       0xbc coreutils/lib.a(test.o)
 .text.binop    0x0000000000432f80      0x288 coreutils/lib.a(test.o)
 .text.nexpr    0x0000000000433208      0x61c coreutils/lib.a(test.o)
 .text.aexpr    0x0000000000433824       0xfc coreutils/lib.a(test.o)
 .text.oexpr    0x0000000000433920      0x100 coreutils/lib.a(test.o)
 .text.test_main
                0x0000000000433a20      0x200 coreutils/lib.a(test.o)
                0x0000000000433a20                test_main
 .text.touch_main
                0x0000000000433c20      0x138 coreutils/lib.a(touch.o)
                0x0000000000433c20                touch_main
 .text.wc_main  0x0000000000433d58      0x3bc coreutils/lib.a(wc.o)
                0x0000000000433d58                wc_main
 .text.cp_mv_stat2
                0x0000000000434114       0xa8 coreutils/libcoreutils/lib.a(cp_mv_stat.o)
                0x0000000000434114                cp_mv_stat2
 .text.cp_mv_stat
                0x00000000004341bc       0x1c coreutils/libcoreutils/lib.a(cp_mv_stat.o)
                0x00000000004341bc                cp_mv_stat
 .text.getopt_mk_fifo_nod
                0x00000000004341d8       0x8c coreutils/libcoreutils/lib.a(getopt_mk_fifo_nod.o)
                0x00000000004341d8                getopt_mk_fifo_nod
 .text.cleanup_outname
                0x0000000000434264       0x34 editors/lib.a(sed.o)
 .text.parse_escapes
                0x0000000000434298       0x98 editors/lib.a(sed.o)
 .text.copy_parsing_escapes
                0x0000000000434330       0xc0 editors/lib.a(sed.o)
 .text.index_of_next_unescaped_regexp_delim
                0x00000000004343f0      0x104 editors/lib.a(sed.o)
 .text.parse_regex_delim
                0x00000000004344f4      0x110 editors/lib.a(sed.o)
 .text.get_address
                0x0000000000434604      0x174 editors/lib.a(sed.o)
 .text.parse_file_cmd
                0x0000000000434778      0x134 editors/lib.a(sed.o)
 .text.add_cmd  0x00000000004348ac      0x8d4 editors/lib.a(sed.o)
 .text.pipe_putc
                0x0000000000435180       0x88 editors/lib.a(sed.o)
 .text.append   0x0000000000435208       0x48 editors/lib.a(sed.o)
 .text.flush_append
                0x0000000000435250       0x98 editors/lib.a(sed.o)
 .text.add_input_file
                0x00000000004352e8       0x70 editors/lib.a(sed.o)
 .text.get_next_line
                0x0000000000435358      0x1ac editors/lib.a(sed.o)
 .text.puts_maybe_newline
                0x0000000000435504      0x1e4 editors/lib.a(sed.o)
 .text.process_files
                0x00000000004356e8      0xe70 editors/lib.a(sed.o)
 .text.add_cmd_block
                0x0000000000436558      0x114 editors/lib.a(sed.o)
 .text.sed_main
                0x000000000043666c      0x558 editors/lib.a(sed.o)
                0x000000000043666c                sed_main
 .text.write1   0x0000000000436bc4       0x20 editors/lib.a(vi.o)
 .text.clear_to_eol
                0x0000000000436be4       0x24 editors/lib.a(vi.o)
 .text.setops   0x0000000000436c08       0xe0 editors/lib.a(vi.o)
 .text.dot_skip_over_ws
                0x0000000000436ce8       0x98 editors/lib.a(vi.o)
 .text.show_help
                0x0000000000436d80       0x20 editors/lib.a(vi.o)
 .text.standout_start
                0x0000000000436da0       0x24 editors/lib.a(vi.o)
 .text.standout_end
                0x0000000000436dc4       0x24 editors/lib.a(vi.o)
 .text.what_reg
                0x0000000000436de8       0x58 editors/lib.a(vi.o)
 .text.next_tabstop
                0x0000000000436e40       0x48 editors/lib.a(vi.o)
 .text.begin_line
                0x0000000000436e88       0x74 editors/lib.a(vi.o)
 .text.prev_line
                0x0000000000436efc       0x80 editors/lib.a(vi.o)
 .text.end_line
                0x0000000000436f7c       0x74 editors/lib.a(vi.o)
 .text.next_line
                0x0000000000436ff0       0x80 editors/lib.a(vi.o)
 .text.find_line
                0x0000000000437070       0x74 editors/lib.a(vi.o)
 .text.count_lines
                0x00000000004370e4       0xe8 editors/lib.a(vi.o)
 .text.end_screen
                0x00000000004371cc       0x94 editors/lib.a(vi.o)
 .text.dot_left
                0x0000000000437260       0x50 editors/lib.a(vi.o)
 .text.dot_right
                0x00000000004372b0       0x50 editors/lib.a(vi.o)
 .text.dot_begin
                0x0000000000437300       0x50 editors/lib.a(vi.o)
 .text.dot_end  0x0000000000437350       0x50 editors/lib.a(vi.o)
 .text.move_to_col
                0x00000000004373a0       0xe8 editors/lib.a(vi.o)
 .text.dot_next
                0x0000000000437488       0x50 editors/lib.a(vi.o)
 .text.dot_prev
                0x00000000004374d8       0x50 editors/lib.a(vi.o)
 .text.dot_scroll
                0x0000000000437528      0x11c editors/lib.a(vi.o)
 .text.screen_erase
                0x0000000000437644       0x2c editors/lib.a(vi.o)
 .text.new_screen
                0x0000000000437670       0xe4 editors/lib.a(vi.o)
 .text.mycmp    0x0000000000437754       0x94 editors/lib.a(vi.o)
 .text.char_search
                0x00000000004377e8      0x174 editors/lib.a(vi.o)
 .text.get_one_address
                0x000000000043795c      0x234 editors/lib.a(vi.o)
 .text.end_cmd_q
                0x0000000000437b90       0x28 editors/lib.a(vi.o)
 .text.skip_thing
                0x0000000000437bb8      0x200 editors/lib.a(vi.o)
 .text.find_pair
                0x0000000000437db8      0x140 editors/lib.a(vi.o)
 .text.text_hole_delete
                0x0000000000437ef8      0x10c editors/lib.a(vi.o)
 .text.text_hole_make
                0x0000000000438004      0x120 editors/lib.a(vi.o)
 .text.stupid_insert
                0x0000000000438124       0x4c editors/lib.a(vi.o)
 .text.text_yank
                0x0000000000438170       0xe0 editors/lib.a(vi.o)
 .text.yank_delete
                0x0000000000438250      0x104 editors/lib.a(vi.o)
 .text.rawmode  0x0000000000438354       0xf0 editors/lib.a(vi.o)
 .text.cookmode
                0x0000000000438444       0x54 editors/lib.a(vi.o)
 .text.catch_sig
                0x0000000000438498       0x64 editors/lib.a(vi.o)
 .text.mysleep  0x00000000004384fc       0x54 editors/lib.a(vi.o)
 .text.file_size
                0x0000000000438550       0x64 editors/lib.a(vi.o)
 .text.place_cursor
                0x00000000004385b4      0x20c editors/lib.a(vi.o)
 .text.readit   0x00000000004387c0      0x284 editors/lib.a(vi.o)
 .text.suspend_sig
                0x0000000000438a44       0xcc editors/lib.a(vi.o)
 .text.clear_to_eos
                0x0000000000438b10       0x24 editors/lib.a(vi.o)
 .text.status_line_bold
                0x0000000000438b34       0xac editors/lib.a(vi.o)
 .text.file_insert
                0x0000000000438be0      0x2e8 editors/lib.a(vi.o)
 .text.file_write
                0x0000000000438ec8       0xf8 editors/lib.a(vi.o)
 .text.get_one_char
                0x0000000000438fc0      0x110 editors/lib.a(vi.o)
 .text.status_line
                0x00000000004390d0       0x60 editors/lib.a(vi.o)
 .text.string_insert
                0x0000000000439130      0x100 editors/lib.a(vi.o)
 .text.not_implemented
                0x0000000000439230      0x1b0 editors/lib.a(vi.o)
 .text.refresh  0x00000000004393e0      0x784 editors/lib.a(vi.o)
 .text.redraw   0x0000000000439b64       0xac editors/lib.a(vi.o)
 .text.Indicate_Error
                0x0000000000439c10       0xd8 editors/lib.a(vi.o)
 .text.char_insert
                0x0000000000439ce8      0x32c editors/lib.a(vi.o)
 .text.init_text_buffer
                0x000000000043a014      0x160 editors/lib.a(vi.o)
 .text.bound_dot
                0x000000000043a174       0xbc editors/lib.a(vi.o)
 .text.Hit_Return
                0x000000000043a230       0xb8 editors/lib.a(vi.o)
 .text.colon    0x000000000043a2e8     0x17e4 editors/lib.a(vi.o)
 .text.show_status_line
                0x000000000043bacc      0x34c editors/lib.a(vi.o)
 .text.cont_sig
                0x000000000043be18       0xa4 editors/lib.a(vi.o)
 .text.winch_sig
                0x000000000043bebc       0xbc editors/lib.a(vi.o)
 .text.get_input_line
                0x000000000043bf78      0x1c4 editors/lib.a(vi.o)
 .text.do_cmd   0x000000000043c13c     0x244c editors/lib.a(vi.o)
 .text.edit_file
                0x000000000043e588      0x4e8 editors/lib.a(vi.o)
 .text.vi_main  0x000000000043ea70      0x260 editors/lib.a(vi.o)
                0x000000000043ea70                vi_main
 .text.find_range
                0x000000000043ecd0      0x458 editors/lib.a(vi.o)
 .text.print_line
                0x000000000043f128       0xe4 findutils/lib.a(grep.o)
 .text.grep_file
                0x000000000043f20c      0x38c findutils/lib.a(grep.o)
 .text.add_grep_list_data
                0x000000000043f598       0x44 findutils/lib.a(grep.o)
 .text.file_action_grep
                0x000000000043f5dc       0xe0 findutils/lib.a(grep.o)
 .text.grep_main
                0x000000000043f6bc      0x458 findutils/lib.a(grep.o)
                0x000000000043f6bc                grep_main
 .text.halt_main
                0x000000000043fb14      0x170 init/lib.a(halt.o)
                0x000000000043fb14                halt_main
 .text.bb_ask_confirmation
                0x000000000043fc84      0x104 libbb/lib.a(ask_confirmation.o)
                0x000000000043fc84                bb_ask_confirmation
 .text.bb_do_delay
                0x000000000043fd88       0xa4 libbb/lib.a(bb_do_delay.o)
                0x000000000043fd88                bb_do_delay
 .text.bb_getug
                0x000000000043fe2c       0xac libbb/lib.a(bb_pwd.o)
 .text.bb_getpwuid
                0x000000000043fed8       0x88 libbb/lib.a(bb_pwd.o)
                0x000000000043fed8                bb_getpwuid
 .text.xuname2uid
                0x000000000043ff60       0x60 libbb/lib.a(bb_pwd.o)
                0x000000000043ff60                xuname2uid
 .text.ret_ERANGE
                0x000000000043ffc0       0x28 libbb/lib.a(bb_strtonum.o)
 .text.handle_errors
                0x000000000043ffe8       0xb8 libbb/lib.a(bb_strtonum.o)
 .text.bb_strtoul
                0x00000000004400a0       0xcc libbb/lib.a(bb_strtonum.o)
                0x00000000004400a0                bb_strtoul
 .text.bb_strtol
                0x000000000044016c       0xe0 libbb/lib.a(bb_strtonum.o)
                0x000000000044016c                bb_strtol
 .text.change_identity
                0x000000000044024c       0x98 libbb/lib.a(change_identity.o)
                0x000000000044024c                change_identity
 .text.chomp    0x00000000004402e4       0x48 libbb/lib.a(chomp.o)
                0x00000000004402e4                chomp
 .text.index_in_strings
                0x000000000044032c       0x9c libbb/lib.a(compare_string_array.o)
                0x000000000044032c                index_in_strings
 .text.index_in_substrings
                0x00000000004403c8       0xc4 libbb/lib.a(compare_string_array.o)
                0x00000000004403c8                index_in_substrings
 .text.concat_path_file
                0x000000000044048c       0xc0 libbb/lib.a(concat_path_file.o)
                0x000000000044048c                concat_path_file
 .text.ask_and_unlink
                0x000000000044054c       0xf0 libbb/lib.a(copy_file.o)
 .text.copy_file
                0x000000000044063c      0x8b0 libbb/lib.a(copy_file.o)
                0x000000000044063c                copy_file
 .text.correct_password
                0x0000000000440eec      0x104 libbb/lib.a(correct_password.o)
                0x0000000000440eec                correct_password
 .text.crc32_filltable
                0x0000000000440ff0       0xcc libbb/lib.a(crc32.o)
                0x0000000000440ff0                crc32_filltable
 .text.create_icmp_socket
                0x00000000004410bc       0xbc libbb/lib.a(create_icmp_socket.o)
                0x00000000004410bc                create_icmp_socket
 .text.i64c     0x0000000000441178       0x3c libbb/lib.a(crypt_make_salt.o)
 .text.crypt_make_salt
                0x00000000004411b4       0xf4 libbb/lib.a(crypt_make_salt.o)
                0x00000000004411b4                crypt_make_salt
 .text.device_open
                0x00000000004412a8       0xb4 libbb/lib.a(device_open.o)
                0x00000000004412a8                device_open
 .text.fclose_if_not_stdin
                0x000000000044135c       0x8c libbb/lib.a(fclose_nonstdin.o)
                0x000000000044135c                fclose_if_not_stdin
 .text.fflush_stdout_and_exit
                0x00000000004413e8       0x60 libbb/lib.a(fflush_stdout_and_exit.o)
                0x00000000004413e8                fflush_stdout_and_exit
 .text.find_pid_by_name
                0x0000000000441448      0x1a0 libbb/lib.a(find_pid_by_name.o)
                0x0000000000441448                find_pid_by_name
 .text.bb_get_chunk_with_continuation
                0x00000000004415e8      0x18c libbb/lib.a(get_line_from_file.o)
                0x00000000004415e8                bb_get_chunk_with_continuation
 .text.bb_get_chunk_from_file
                0x0000000000441774       0x1c libbb/lib.a(get_line_from_file.o)
                0x0000000000441774                bb_get_chunk_from_file
 .text.xmalloc_fgets
                0x0000000000441790       0x3c libbb/lib.a(get_line_from_file.o)
                0x0000000000441790                xmalloc_fgets
 .text.xmalloc_fgetline
                0x00000000004417cc       0x68 libbb/lib.a(get_line_from_file.o)
                0x00000000004417cc                xmalloc_fgetline
 .text.getopt32
                0x0000000000441834      0x6c4 libbb/lib.a(getopt32.o)
                0x0000000000441834                getopt32
 .text.xgetpty  0x0000000000441ef8       0xcc libbb/lib.a(getpty.o)
                0x0000000000441ef8                xgetpty
 .text.INET_resolve
                0x0000000000441fc4       0xe4 libbb/lib.a(inet_common.o)
                0x0000000000441fc4                INET_resolve
 .text.INET_rresolve
                0x00000000004420a8      0x25c libbb/lib.a(inet_common.o)
                0x00000000004420a8                INET_rresolve
 .text.INET6_resolve
                0x0000000000442304      0x12c libbb/lib.a(inet_common.o)
                0x0000000000442304                INET6_resolve
 .text.INET6_rresolve
                0x0000000000442430      0x144 libbb/lib.a(inet_common.o)
                0x0000000000442430                INET6_rresolve
 .text.bb_info_msg
                0x0000000000442574       0xc8 libbb/lib.a(info_msg.o)
                0x0000000000442574                bb_info_msg
 .text.is_in_ino_dev_hashtable
                0x000000000044263c       0xc8 libbb/lib.a(inode_hash.o)
                0x000000000044263c                is_in_ino_dev_hashtable
 .text.add_to_ino_dev_hashtable
                0x0000000000442704      0x12c libbb/lib.a(inode_hash.o)
                0x0000000000442704                add_to_ino_dev_hashtable
 .text.is_directory
                0x0000000000442830       0x90 libbb/lib.a(isdirectory.o)
                0x0000000000442830                is_directory
 .text.get_linux_version_code
                0x00000000004428c0       0xb8 libbb/lib.a(kernel_version.o)
                0x00000000004428c0                get_linux_version_code
 .text.deinit_S
                0x0000000000442978       0x20 libbb/lib.a(lineedit.o)
 .text.cmdedit_set_out_char
                0x0000000000442998       0xb4 libbb/lib.a(lineedit.o)
 .text.input_end
                0x0000000000442a4c       0x74 libbb/lib.a(lineedit.o)
 .text.goto_new_line
                0x0000000000442ac0       0x70 libbb/lib.a(lineedit.o)
 .text.beep     0x0000000000442b30       0x1c libbb/lib.a(lineedit.o)
 .text.input_backward
                0x0000000000442b4c      0x11c libbb/lib.a(lineedit.o)
 .text.put_prompt
                0x0000000000442c68       0x90 libbb/lib.a(lineedit.o)
 .text.redraw   0x0000000000442cf8       0xcc libbb/lib.a(lineedit.o)
 .text.input_delete
                0x0000000000442dc4       0xcc libbb/lib.a(lineedit.o)
 .text.input_backspace
                0x0000000000442e90       0x78 libbb/lib.a(lineedit.o)
 .text.input_forward
                0x0000000000442f08       0x50 libbb/lib.a(lineedit.o)
 .text.free_tab_completion_data
                0x0000000000442f58       0xbc libbb/lib.a(lineedit.o)
 .text.add_quote_for_spec_chars
                0x0000000000443014       0xd0 libbb/lib.a(lineedit.o)
 .text.input_tab
                0x00000000004430e4     0x145c libbb/lib.a(lineedit.o)
 .text.save_command_ps_at_cur_history
                0x0000000000444540       0xa0 libbb/lib.a(lineedit.o)
 .text.get_previous_history
                0x00000000004445e0       0xb8 libbb/lib.a(lineedit.o)
 .text.get_next_history
                0x0000000000444698       0xc4 libbb/lib.a(lineedit.o)
 .text.parse_and_put_prompt
                0x000000000044475c       0x50 libbb/lib.a(lineedit.o)
 .text.win_changed
                0x00000000004447ac       0xf4 libbb/lib.a(lineedit.o)
 .text.read_line_input
                0x00000000004448a0      0xc1c libbb/lib.a(lineedit.o)
                0x00000000004448a0                read_line_input
 .text.new_line_input_t
                0x00000000004454bc       0x44 libbb/lib.a(lineedit.o)
                0x00000000004454bc                new_line_input_t
 .text.llist_add_to
                0x0000000000445500       0x5c libbb/lib.a(llist.o)
                0x0000000000445500                llist_add_to
 .text.llist_add_to_end
                0x000000000044555c       0x8c libbb/lib.a(llist.o)
                0x000000000044555c                llist_add_to_end
 .text.llist_pop
                0x00000000004455e8       0x70 libbb/lib.a(llist.o)
                0x00000000004455e8                llist_pop
 .text.print_login_issue
                0x0000000000445658      0x328 libbb/lib.a(login.o)
                0x0000000000445658                print_login_issue
 .text.print_login_prompt
                0x0000000000445980       0x9c libbb/lib.a(login.o)
                0x0000000000445980                print_login_prompt
 .text.sanitize_env_if_suid
                0x0000000000445a1c       0xc4 libbb/lib.a(login.o)
                0x0000000000445a1c                sanitize_env_if_suid
 .text.bb_make_directory
                0x0000000000445ae0      0x240 libbb/lib.a(make_directory.o)
                0x0000000000445ae0                bb_make_directory
 .text.bb_makedev
                0x0000000000445d20       0x60 libbb/lib.a(makedev.o)
                0x0000000000445d20                bb_makedev
 .text.match_fstype
                0x0000000000445d80      0x108 libbb/lib.a(match_fstype.o)
                0x0000000000445d80                match_fstype
 .text.bb_mode_string
                0x0000000000445e88       0xd4 libbb/lib.a(mode_string.o)
                0x0000000000445e88                bb_mode_string
 .text.config_open2
                0x0000000000445f5c       0x60 libbb/lib.a(parse_config.o)
                0x0000000000445f5c                config_open2
 .text.config_free_data
                0x0000000000445fbc       0x48 libbb/lib.a(parse_config.o)
 .text.config_close
                0x0000000000446004       0x7c libbb/lib.a(parse_config.o)
                0x0000000000446004                config_close
 .text.config_read
                0x0000000000446080      0x2cc libbb/lib.a(parse_config.o)
                0x0000000000446080                config_read
 .text.bb_parse_mode
                0x000000000044634c      0x308 libbb/lib.a(parse_mode.o)
                0x000000000044634c                bb_parse_mode
 .text.bb_perror_nomsg_and_die
                0x0000000000446654       0x1c libbb/lib.a(perror_nomsg_and_die.o)
                0x0000000000446654                bb_perror_nomsg_and_die
 .text.bb_process_escape_sequence
                0x0000000000446670      0x108 libbb/lib.a(process_escape_sequence.o)
                0x0000000000446670                bb_process_escape_sequence
 .text.get_cached
                0x0000000000446778       0xdc libbb/lib.a(procps.o)
 .text.get_cached_username
                0x0000000000446854       0x28 libbb/lib.a(procps.o)
                0x0000000000446854                get_cached_username
 .text.read_to_buf
                0x000000000044687c       0xa8 libbb/lib.a(procps.o)
 .text.free_procps_scan
                0x0000000000446924       0x64 libbb/lib.a(procps.o)
                0x0000000000446924                free_procps_scan
 .text.procps_scan
                0x0000000000446988      0x3f0 libbb/lib.a(procps.o)
                0x0000000000446988                procps_scan
 .text.read_cmdline
                0x0000000000446d78       0xe0 libbb/lib.a(procps.o)
                0x0000000000446d78                read_cmdline
 .text.pw_encrypt
                0x0000000000446e58       0x40 libbb/lib.a(pw_encrypt.o)
                0x0000000000446e58                pw_encrypt
 .text.true_action
                0x0000000000446e98        0x8 libbb/lib.a(recursive_action.o)
 .text.recursive_action
                0x0000000000446ea0      0x29c libbb/lib.a(recursive_action.o)
                0x0000000000446ea0                recursive_action
 .text.remove_file
                0x000000000044713c      0x3a4 libbb/lib.a(remove_file.o)
                0x000000000044713c                remove_file
 .text.run_shell
                0x00000000004474e0      0x160 libbb/lib.a(run_shell.o)
                0x00000000004474e0                run_shell
 .text.safe_gethostname
                0x0000000000447640       0x68 libbb/lib.a(safe_gethostname.o)
                0x0000000000447640                safe_gethostname
 .text.safe_strncpy
                0x00000000004476a8       0x30 libbb/lib.a(safe_strncpy.o)
                0x00000000004476a8                safe_strncpy
 .text.overlapping_strcpy
                0x00000000004476d8       0x28 libbb/lib.a(safe_strncpy.o)
                0x00000000004476d8                overlapping_strcpy
 .text.setup_environment
                0x0000000000447700      0x1c4 libbb/lib.a(setup_environment.o)
                0x0000000000447700                setup_environment
 .text.sigaction_set
                0x00000000004478c4       0x1c libbb/lib.a(signals.o)
                0x00000000004478c4                sigaction_set
 .text.sigprocmask_allsigs
                0x00000000004478e0       0x58 libbb/lib.a(signals.o)
                0x00000000004478e0                sigprocmask_allsigs
 .text.bb_signals
                0x0000000000447938       0x8c libbb/lib.a(signals.o)
                0x0000000000447938                bb_signals
 .text.sig_unblock
                0x00000000004479c4       0x70 libbb/lib.a(signals.o)
                0x00000000004479c4                sig_unblock
 .text.kill_myself_with_sig
                0x0000000000447a34       0x74 libbb/lib.a(signals.o)
                0x0000000000447a34                kill_myself_with_sig
 .text.signal_SA_RESTART_empty_mask
                0x0000000000447aa8       0x80 libbb/lib.a(signals.o)
                0x0000000000447aa8                signal_SA_RESTART_empty_mask
 .text.bb_simplify_path
                0x0000000000447b28      0x188 libbb/lib.a(simplify_path.o)
                0x0000000000447b28                bb_simplify_path
 .text.skip_whitespace
                0x0000000000447cb0       0x54 libbb/lib.a(skip_whitespace.o)
                0x0000000000447cb0                skip_whitespace
 .text.skip_non_whitespace
                0x0000000000447d04       0x60 libbb/lib.a(skip_whitespace.o)
                0x0000000000447d04                skip_non_whitespace
 .text.str_tolower
                0x0000000000447d64       0x58 libbb/lib.a(str_tolower.o)
                0x0000000000447d64                str_tolower
 .text.monotonic_us
                0x0000000000447dbc       0x70 libbb/lib.a(time.o)
                0x0000000000447dbc                monotonic_us
 .text.monotonic_sec
                0x0000000000447e2c       0x1c libbb/lib.a(time.o)
                0x0000000000447e2c                monotonic_sec
 .text.get_signum
                0x0000000000447e48       0xe8 libbb/lib.a(u_signal_names.o)
                0x0000000000447e48                get_signum
 .text.get_signame
                0x0000000000447f30       0x4c libbb/lib.a(u_signal_names.o)
                0x0000000000447f30                get_signame
 .text.print_signames
                0x0000000000447f7c       0x70 libbb/lib.a(u_signal_names.o)
                0x0000000000447f7c                print_signames
 .text.update_passwd
                0x0000000000447fec      0x508 libbb/lib.a(update_passwd.o)
                0x0000000000447fec                update_passwd
 .text.bb_uuencode
                0x00000000004484f4       0xcc libbb/lib.a(uuencode.o)
                0x00000000004484f4                bb_uuencode
 .text.safe_waitpid
                0x00000000004485c0       0x8c libbb/lib.a(vfork_daemon_rexec.o)
                0x00000000004485c0                safe_waitpid
 .text.wait_any_nohang
                0x000000000044864c       0x20 libbb/lib.a(vfork_daemon_rexec.o)
                0x000000000044864c                wait_any_nohang
 .text.forkexit_or_rexec
                0x000000000044866c       0x70 libbb/lib.a(vfork_daemon_rexec.o)
                0x000000000044866c                forkexit_or_rexec
 .text.bb_daemonize_or_rexec
                0x00000000004486dc      0x1cc libbb/lib.a(vfork_daemon_rexec.o)
                0x00000000004486dc                bb_daemonize_or_rexec
 .text.bb_sanitize_stdio
                0x00000000004488a8       0x1c libbb/lib.a(vfork_daemon_rexec.o)
                0x00000000004488a8                bb_sanitize_stdio
 .text.fopen_or_warn
                0x00000000004488c4       0x80 libbb/lib.a(wfopen.o)
                0x00000000004488c4                fopen_or_warn
 .text.fopen_for_read
                0x0000000000448944       0x20 libbb/lib.a(wfopen.o)
                0x0000000000448944                fopen_for_read
 .text.xfopen_for_read
                0x0000000000448964       0x20 libbb/lib.a(wfopen.o)
                0x0000000000448964                xfopen_for_read
 .text.xfopen_for_write
                0x0000000000448984       0x20 libbb/lib.a(wfopen.o)
                0x0000000000448984                xfopen_for_write
 .text.fopen_or_warn_stdin
                0x00000000004489a4       0x78 libbb/lib.a(wfopen_input.o)
                0x00000000004489a4                fopen_or_warn_stdin
 .text.xfopen_stdin
                0x0000000000448a1c       0x54 libbb/lib.a(wfopen_input.o)
                0x0000000000448a1c                xfopen_stdin
 .text.open_or_warn_stdin
                0x0000000000448a70       0x6c libbb/lib.a(wfopen_input.o)
                0x0000000000448a70                open_or_warn_stdin
 .text.xopen_xwrite_close
                0x0000000000448adc       0x80 libbb/lib.a(write.o)
                0x0000000000448adc                xopen_xwrite_close
 .text.xstrtoul_range_sfx
                0x0000000000448b5c      0x1d0 libbb/lib.a(xatonum.o)
                0x0000000000448b5c                xstrtoul_range_sfx
 .text.xatoul_sfx
                0x0000000000448d2c       0x44 libbb/lib.a(xatonum.o)
                0x0000000000448d2c                xatoul_sfx
 .text.xatoul   0x0000000000448d70       0x1c libbb/lib.a(xatonum.o)
                0x0000000000448d70                xatoul
 .text.xatoul_range
                0x0000000000448d8c       0x44 libbb/lib.a(xatonum.o)
                0x0000000000448d8c                xatoul_range
 .text.xatoi_u  0x0000000000448dd0       0x20 libbb/lib.a(xatonum.o)
                0x0000000000448dd0                xatoi_u
 .text.xatou16  0x0000000000448df0       0x3c libbb/lib.a(xatonum.o)
                0x0000000000448df0                xatou16
 .text.setsockopt_reuseaddr
                0x0000000000448e2c       0x48 libbb/lib.a(xconnect.o)
                0x0000000000448e2c                setsockopt_reuseaddr
 .text.setsockopt_broadcast
                0x0000000000448e74       0x48 libbb/lib.a(xconnect.o)
                0x0000000000448e74                setsockopt_broadcast
 .text.xconnect
                0x0000000000448ebc       0x9c libbb/lib.a(xconnect.o)
                0x0000000000448ebc                xconnect
 .text.bb_lookup_port
                0x0000000000448f58       0xf4 libbb/lib.a(xconnect.o)
                0x0000000000448f58                bb_lookup_port
 .text.set_nport
                0x000000000044904c       0x30 libbb/lib.a(xconnect.o)
                0x000000000044904c                set_nport
 .text.str2sockaddr
                0x000000000044907c      0x2e8 libbb/lib.a(xconnect.o)
 .text.xhost_and_af2sockaddr
                0x0000000000449364       0x20 libbb/lib.a(xconnect.o)
                0x0000000000449364                xhost_and_af2sockaddr
 .text.host2sockaddr
                0x0000000000449384       0x20 libbb/lib.a(xconnect.o)
                0x0000000000449384                host2sockaddr
 .text.xhost2sockaddr
                0x00000000004493a4       0x20 libbb/lib.a(xconnect.o)
                0x00000000004493a4                xhost2sockaddr
 .text.xdotted2sockaddr
                0x00000000004493c4       0x20 libbb/lib.a(xconnect.o)
                0x00000000004493c4                xdotted2sockaddr
 .text.xsocket_type
                0x00000000004493e4       0xcc libbb/lib.a(xconnect.o)
                0x00000000004493e4                xsocket_type
 .text.create_and_bind_or_die
                0x00000000004494b0      0x114 libbb/lib.a(xconnect.o)
 .text.create_and_bind_stream_or_die
                0x00000000004495c4       0x20 libbb/lib.a(xconnect.o)
                0x00000000004495c4                create_and_bind_stream_or_die
 .text.xconnect_stream
                0x00000000004495e4       0x70 libbb/lib.a(xconnect.o)
                0x00000000004495e4                xconnect_stream
 .text.sockaddr2str
                0x0000000000449654      0x12c libbb/lib.a(xconnect.o)
 .text.xmalloc_sockaddr2host_noport
                0x0000000000449780       0x20 libbb/lib.a(xconnect.o)
                0x0000000000449780                xmalloc_sockaddr2host_noport
 .text.xmalloc_sockaddr2dotted
                0x00000000004497a0       0x20 libbb/lib.a(xconnect.o)
                0x00000000004497a0                xmalloc_sockaddr2dotted
 .text.xmalloc_sockaddr2dotted_noport
                0x00000000004497c0       0x20 libbb/lib.a(xconnect.o)
                0x00000000004497c0                xmalloc_sockaddr2dotted_noport
 .text.xrealloc_getcwd_or_warn
                0x00000000004497e0      0x104 libbb/lib.a(xgetcwd.o)
                0x00000000004497e0                xrealloc_getcwd_or_warn
 .text.xgethostbyname
                0x00000000004498e4       0x5c libbb/lib.a(xgethostbyname.o)
                0x00000000004498e4                xgethostbyname
 .text.xmalloc_readlink
                0x0000000000449940       0xc0 libbb/lib.a(xreadlink.o)
                0x0000000000449940                xmalloc_readlink
 .text.xmalloc_follow_symlinks
                0x0000000000449a00      0x1b0 libbb/lib.a(xreadlink.o)
                0x0000000000449a00                xmalloc_follow_symlinks
 .text.xmalloc_readlink_or_warn
                0x0000000000449bb0       0x70 libbb/lib.a(xreadlink.o)
                0x0000000000449bb0                xmalloc_readlink_or_warn
 .text.xrealloc_vector_helper
                0x0000000000449c20       0xbc libbb/lib.a(xrealloc_vector.o)
                0x0000000000449c20                xrealloc_vector_helper
 .text.regcomp_or_errmsg
                0x0000000000449cdc       0xc0 libbb/lib.a(xregcomp.o)
                0x0000000000449cdc                regcomp_or_errmsg
 .text.xregcomp
                0x0000000000449d9c       0x5c libbb/lib.a(xregcomp.o)
                0x0000000000449d9c                xregcomp
 .text.askpass_timeout
                0x0000000000449df8        0x8 libbb/lib.a(bb_askpass.o)
 .text.bb_askpass
                0x0000000000449e00      0x2e8 libbb/lib.a(bb_askpass.o)
                0x0000000000449e00                bb_askpass
 .text.bb_pstrcmp
                0x000000000044a0e8       0x24 libbb/lib.a(bb_qsort.o)
                0x000000000044a0e8                bb_pstrcmp
 .text.qsort_string_vector
                0x000000000044a10c       0x1c libbb/lib.a(bb_qsort.o)
                0x000000000044a10c                qsort_string_vector
 .text.concat_subpath_file
                0x000000000044a128       0x64 libbb/lib.a(concat_subpath_file.o)
                0x000000000044a128                concat_subpath_file
 .text.bb_herror_msg_and_die
                0x000000000044a18c       0x7c libbb/lib.a(herror_msg_and_die.o)
                0x000000000044a18c                bb_herror_msg_and_die
 *(SORT(.text.*personality*))
 *(SORT(.gnu.warning))
 *(SORT(.mips16.fn.*))
 *(SORT(.mips16.call.*))

.MIPS.stubs     0x000000000044a208      0xf90
 .MIPS.stubs    0x000000000044a208      0xf90 /opt/buildroot-gcc342/bin/../lib/gcc/mipsel-linux-uclibc/3.4.2/../../../../mipsel-linux-uclibc/lib/crt1.o
                0x000000000044a208                longjmp
                0x000000000044a218                chroot
                0x000000000044a228                strcpy
                0x000000000044a238                unsetenv
                0x000000000044a248                waitpid
                0x000000000044a258                getrlimit
                0x000000000044a268                ioctl
                0x000000000044a278                writev
                0x000000000044a288                if_indextoname
                0x000000000044a298                getgid
                0x000000000044a2a8                sysconf
                0x000000000044a2b8                printf
                0x000000000044a2c8                vsprintf
                0x000000000044a2d8                utime
                0x000000000044a2e8                connect
                0x000000000044a2f8                ungetc
                0x000000000044a308                sigemptyset
                0x000000000044a318                strerror
                0x000000000044a328                memrchr
                0x000000000044a338                geteuid
                0x000000000044a348                inet_pton
                0x000000000044a358                __xpg_basename
                0x000000000044a368                memmove
                0x000000000044a378                snprintf
                0x000000000044a388                syscall
                0x000000000044a398                mknod
                0x000000000044a3a8                getgrgid
                0x000000000044a3b8                times
                0x000000000044a3c8                getenv
                0x000000000044a3d8                fchmod
                0x000000000044a3e8                getegid
                0x000000000044a3f8                isblank
                0x000000000044a408                bsearch
                0x000000000044a418                usleep
                0x000000000044a428                execve
                0x000000000044a438                semget
                0x000000000044a448                getpagesize
                0x000000000044a458                getpid
                0x000000000044a468                qsort
                0x000000000044a478                fchown
                0x000000000044a488                fscanf
                0x000000000044a498                fgets
                0x000000000044a4a8                dirname
                0x000000000044a4b8                shmat
                0x000000000044a4c8                memcpy
                0x000000000044a4d8                readlink
                0x000000000044a4e8                puts
                0x000000000044a4f8                dup2
                0x000000000044a508                islower
                0x000000000044a518                tcflush
                0x000000000044a528                getuid
                0x000000000044a538                system
                0x000000000044a548                feof
                0x000000000044a558                malloc
                0x000000000044a568                isatty
                0x000000000044a578                siglongjmp
                0x000000000044a588                sleep
                0x000000000044a598                sysinfo
                0x000000000044a5a8                strtoll
                0x000000000044a5b8                vsnprintf
                0x000000000044a5c8                recvfrom
                0x000000000044a5d8                strtoul
                0x000000000044a5e8                ispunct
                0x000000000044a5f8                gethostbyaddr
                0x000000000044a608                rmdir
                0x000000000044a618                socket
                0x000000000044a628                select
                0x000000000044a638                init_module
                0x000000000044a648                readdir
                0x000000000044a658                lchown
                0x000000000044a668                delete_module
                0x000000000044a678                isspace
                0x000000000044a688                mempcpy
                0x000000000044a698                fflush
                0x000000000044a6a8                ftruncate
                0x000000000044a6b8                realpath
                0x000000000044a6c8                putenv
                0x000000000044a6d8                lseek
                0x000000000044a6e8                sigaddset
                0x000000000044a6f8                clearenv
                0x000000000044a708                chown
                0x000000000044a718                strncasecmp
                0x000000000044a728                freeaddrinfo
                0x000000000044a738                __fgetc_unlocked
                0x000000000044a748                chmod
                0x000000000044a758                getnameinfo
                0x000000000044a768                alarm
                0x000000000044a778                strtol
                0x000000000044a788                __sigsetjmp
                0x000000000044a798                pipe
                0x000000000044a7a8                strnlen
                0x000000000044a7b8                uname
                0x000000000044a7c8                accept
                0x000000000044a7d8                rename
                0x000000000044a7e8                strrchr
                0x000000000044a7f8                setrlimit
                0x000000000044a808                strtod
                0x000000000044a818                write
                0x000000000044a828                fstat
                0x000000000044a838                fprintf
                0x000000000044a848                kill
                0x000000000044a858                ctime
                0x000000000044a868                strcat
                0x000000000044a878                bind
                0x000000000044a888                getmntent_r
                0x000000000044a898                inet_addr
                0x000000000044a8a8                vprintf
                0x000000000044a8b8                umount2
                0x000000000044a8c8                if_nametoindex
                0x000000000044a8d8                reboot
                0x000000000044a8e8                chdir
                0x000000000044a8f8                initgroups
                0x000000000044a908                shmdt
                0x000000000044a918                endgrent
                0x000000000044a928                setsockopt
                0x000000000044a938                fseek
                0x000000000044a948                shmget
                0x000000000044a958                memchr
                0x000000000044a968                umask
                0x000000000044a978                dprintf
                0x000000000044a988                mktime
                0x000000000044a998                ferror
                0x000000000044a9a8                unlockpt
                0x000000000044a9b8                setgid
                0x000000000044a9c8                signal
                0x000000000044a9d8                read
                0x000000000044a9e8                openlog
                0x000000000044a9f8                closelog
                0x000000000044aa08                isupper
                0x000000000044aa18                strncmp
                0x000000000044aa28                query_module
                0x000000000044aa38                sethostname
                0x000000000044aa48                strncpy
                0x000000000044aa58                unlink
                0x000000000044aa68                sync
                0x000000000044aa78                setenv
                0x000000000044aa88                strcasecmp
                0x000000000044aa98                sendto
                0x000000000044aaa8                realloc
                0x000000000044aab8                strtok
                0x000000000044aac8                sigfillset
                0x000000000044aad8                memcmp
                0x000000000044aae8                listen
                0x000000000044aaf8                crypt
                0x000000000044ab08                fdopen
                0x000000000044ab18                fork
                0x000000000044ab28                sscanf
                0x000000000044ab38                execv
                0x000000000044ab48                setmntent
                0x000000000044ab58                isalpha
                0x000000000044ab68                strncat
                0x000000000044ab78                sigaction
                0x000000000044ab88                endmntent
                0x000000000044ab98                fread
                0x000000000044aba8                __uClibc_main
                0x000000000044abb8                strdup
                0x000000000044abc8                inet_aton
                0x000000000044abd8                strtoull
                0x000000000044abe8                regcomp
                0x000000000044abf8                gettimeofday
                0x000000000044ac08                fopen
                0x000000000044ac18                getopt
                0x000000000044ac28                localtime
                0x000000000044ac38                memset
                0x000000000044ac48                fnmatch
                0x000000000044ac58                clearerr
                0x000000000044ac68                fclose
                0x000000000044ac78                grantpt
                0x000000000044ac88                inet_ntoa
                0x000000000044ac98                getppid
                0x000000000044aca8                tcgetattr
                0x000000000044acb8                regexec
                0x000000000044acc8                time
                0x000000000044acd8                opendir
                0x000000000044ace8                getgroups
                0x000000000044acf8                isgraph
                0x000000000044ad08                poll
                0x000000000044ad18                syslog
                0x000000000044ad28                isalnum
                0x000000000044ad38                mount
                0x000000000044ad48                ttyname
                0x000000000044ad58                getpwuid
                0x000000000044ad68                __h_errno_location
                0x000000000044ad78                dup
                0x000000000044ad88                getcwd
                0x000000000044ad98                gethostbyname
                0x000000000044ada8                strsignal
                0x000000000044adb8                getpwnam
                0x000000000044adc8                getservbyname
                0x000000000044add8                fgetc
                0x000000000044ade8                gethostname
                0x000000000044adf8                sprintf
                0x000000000044ae08                difftime
                0x000000000044ae18                atexit
                0x000000000044ae28                strcspn
                0x000000000044ae38                regerror